
 ++++++++++++++++++++++++++++++++++++++++++++++++++++++++++++++++++++
 +  SHELXE  -  PHASING AND DENSITY MODIFICATION  -  Version 2016/2  +
 +  Copyright (c)  George M. Sheldrick 2001-16                      +
 +  Started at 11:02:50 on 07 Oct 2016                              +
 ++++++++++++++++++++++++++++++++++++++++++++++++++++++++++++++++++++

 Please cite: G.M. Sheldrick (2010), "Experimental phasing with
 SHELXC/D/E: combining chain tracing with density modification",
 Acta Cryst. D66, 479-485 (Open Access) if SHELXE proves useful.

 Command line parameters:
  sad sad_fa -h1 -s0.750000 -m20 -i

 Cell, symmetry and heavy atoms from: sad_fa.res
 FA and alpha from: sad_fa.hkl
 Native data from: sad.hkl
 Listing output to sad_i.lst
 Phases output to sad_i.phs
 Revised heavy atom sites output to sad_i.hat
 Revised heavy atom phases output to sad_i.pha


 Summary of parameters to be employed:

 -a     0  iterations autotracing
 -b   5.0  extra B for revised heavy atom sites
 -c 0.400  fraction of pixels in crossover region
 -d 0.000  high resolution limit to be applied to input data
 -e unset  fill in missing data up to maximum resolution + 0.2 Ang.
 -f unset  read intensity not F from native .hkl file
 -F 0.800  fractional weight for phases from previous global cycle
 -g 1.100  solvent gamma flipping factor
 -h    1  heavy atoms present in native - use first    1
 -i invert structure (and space group)
 -k   4.5  minimum height/sigma for revised heavy atom sites
 -l     2  space for  2000000 reflections
 -L     6  minimum number of residues per chain (if more than 3 chains)
 -m    20  cycles of density modification
 -r  3.00  map resolution (multiplies maximum indices)
 -s 0.750  solvent fraction
 -v unset  density sharpening factor dependent on resolution
 -w 0.200  weight for experimental phases after cycle 1
 -x unset  no phase and trace diagnostics 
 -Y 0.300  SAD phase shift factor
 -z unset  do not optimize heavy atoms

 Space group: P 61 2 2   Allowed origin shift code: 10

     1 atoms read from file sad_fa.res

    35210 Reflections read from file sad_fa.hkl

    50778 Reflections read from file sad.hkl

    50712 Unique data, highest resolution =  1.529 Angstroms

 Anisotropic scaling: intensities multiplied by
 -0.000112h^2 -0.000112k^2 +0.000113l^2 +0.000000kl +0.000000hl -0.000112hk

    13 Reflections with d > 1.729 and      0 in range  1.729 > d > 1.729 added

 Density sharpening factor set to  1.46
 Fourier grid =   256 x  256 x   22     0.000 <= z <= 0.083

    92 Point spherical net set up with radius 2.42A
    10 Extra Fourier layers will be generated

 <|E^2-1|> = 0.744

 ** Space group converted to enantiomorph **

 ** Atom coordinates inverted **

 Overall CC between Eobs (from delF) and Ecalc (from heavy atoms) = 14.84%

 <wt> = 0.119  for phases from phiT = phiA + alpha
 <wt> = 0.214 after including heavy atoms
 <wt> = 0.184, Contrast = 0.014, Connect. = 0.539 for dens.mod. cycle 1
 <wt> = 0.215, Contrast = 0.066, Connect. = 0.595 for dens.mod. cycle 2
 <wt> = 0.232, Contrast = 0.138, Connect. = 0.688 for dens.mod. cycle 3
 <wt> = 0.244, Contrast = 0.169, Connect. = 0.706 for dens.mod. cycle 4
 <wt> = 0.254, Contrast = 0.162, Connect. = 0.694 for dens.mod. cycle 5
 <wt> = 0.262, Contrast = 0.154, Connect. = 0.681 for dens.mod. cycle 6
 <wt> = 0.270, Contrast = 0.148, Connect. = 0.671 for dens.mod. cycle 7
 <wt> = 0.276, Contrast = 0.142, Connect. = 0.662 for dens.mod. cycle 8
 <wt> = 0.281, Contrast = 0.138, Connect. = 0.656 for dens.mod. cycle 9
 <wt> = 0.285, Contrast = 0.135, Connect. = 0.651 for dens.mod. cycle 10
 <wt> = 0.288, Contrast = 0.133, Connect. = 0.646 for dens.mod. cycle 11
 <wt> = 0.290, Contrast = 0.131, Connect. = 0.643 for dens.mod. cycle 12
 <wt> = 0.293, Contrast = 0.130, Connect. = 0.641 for dens.mod. cycle 13
 <wt> = 0.293, Contrast = 0.129, Connect. = 0.639 for dens.mod. cycle 14
 <wt> = 0.294, Contrast = 0.128, Connect. = 0.639 for dens.mod. cycle 15
 <wt> = 0.294, Contrast = 0.128, Connect. = 0.638 for dens.mod. cycle 16
 <wt> = 0.294, Contrast = 0.128, Connect. = 0.638 for dens.mod. cycle 17
 <wt> = 0.294, Contrast = 0.128, Connect. = 0.638 for dens.mod. cycle 18
 <wt> = 0.294, Contrast = 0.128, Connect. = 0.638 for dens.mod. cycle 19
 <wt> = 0.294, Contrast = 0.128, Connect. = 0.638 for dens.mod. cycle 20

 Estimated mean FOM and mapCC as a function of resolution
 d    inf - 3.38 - 2.66 - 2.31 - 2.10 - 1.94 - 1.83 - 1.73 - 1.66 - 1.59 - 1.53
 <FOM>   0.330  0.302  0.245  0.230  0.219  0.159  0.132  0.146  0.171  0.168
 <mapCC> 0.450  0.387  0.308  0.286  0.273  0.201  0.173  0.191  0.222  0.220
 N        5091   5090   5215   4955   5327   4809   5472   4673   5508   4572

 Estimated mean FOM = 0.211   Pseudo-free CC = 25.15 %

 Anomalous density (in sigma units) at input heavy atom sites

  Site     x        y        z     occ*Z   density
    1   0.8801   0.5506   0.9441  34.0000  122.45

 Site    x       y       z  h(sig) near old  near new
   1  0.8805  0.5511  0.9443 122.7  1/0.05  9/1.94 6/1.99 3/2.06 2/2.07
   2  0.9008  0.5477  0.9442  -9.2  1/2.08  3/1.68 1/2.07 9/2.16 6/3.36
   3  0.8825  0.5301  0.9442  -8.4  1/2.03  2/1.68 1/2.06 8/2.09 4/3.11
   4  0.8540  0.5384  0.9451  -8.0  1/2.10  8/1.36 1/2.14 3/3.11 6/3.25
   5  0.5555  0.4319  0.8781   7.3  1/27.85  11/14.15 14/19.81 10/20.37 13/21.4
   6  0.8871  0.5749  0.9451  -7.0  1/2.02  9/1.59 1/1.99 4/3.25 2/3.36
   7  0.8561  0.6089  1.0363   6.9  1/13.78  12/3.90 16/8.08 18/10.83 10/11.18
   8  0.8585  0.5267  0.9436  -6.6  1/2.13  4/1.36 3/2.09 1/2.17 2/3.41
   9  0.9014  0.5708  0.9475  -6.2  1/1.98  6/1.59 1/1.94 2/2.16 3/3.31
  10  0.7873  0.4894  1.0795   5.7  1/19.16  14/0.64 19/4.69 12/11.13 7/11.18
  11  0.6745  0.5501  0.9462  -5.6  1/19.13  13/9.59 5/14.15 4/17.30 8/18.33
  12  0.8677  0.6245  1.0646   5.6  1/17.37  7/3.90 18/6.98 16/10.88 10/11.13
  13  0.6710  0.5505  1.0199  -5.4  1/21.82  11/9.59 7/15.41 10/16.47 14/16.83
  14  0.7870  0.4883  1.0844   5.2  1/19.76  10/0.64 19/5.08 12/11.34 7/11.59
  15  1.0061  0.7861  1.0558  -5.1  1/23.91  18/12.64 12/14.14 7/15.60 16/20.13
  16  0.8822  0.5502  1.0053  -5.1  1/7.95  9/7.73 1/7.93 7/8.08 6/8.10
  17  0.8759  0.5454  0.8859  -5.0  1/7.58  1/7.60 8/7.69 3/7.79 2/7.90
  18  0.9025  0.6667  1.1105  -4.7  1/23.79  12/6.98 7/10.83 15/12.64 14/14.99
  19  0.7805  0.4494  1.0551  -4.7  1/17.18  10/4.69 14/5.08 16/11.44 7/13.10

 ==============================================================================

       CPU times required in seconds
       -----------------------------
         1.7 - Setup, data input and phasing
         9.8 - FFTs and peak-searches
        21.2 - Sphere of influence
         0.5 - Rest of density modification
         0.0 - Alpha-helix search
         0.0 - Tripeptide search
         0.0 - Chain tracing
         0.0 - NCS analysis
         0.0 - B-value refinement for trace
         0.0 - Rest of tracing
         0.0 - Comparison with known structure


 ++++++++++++++++++++++++++++++++++++++++++++++++++++++++++++++++++++
 +  SHELXE finished at 11:03:24      Total time:        33.16 secs  +
 ++++++++++++++++++++++++++++++++++++++++++++++++++++++++++++++++++++
