
 ++++++++++++++++++++++++++++++++++++++++++++++++++++++++++++++++++++
 +  SHELXE  -  PHASING AND DENSITY MODIFICATION  -  Version 2016/2  +
 +  Copyright (c)  George M. Sheldrick 2001-16                      +
 +  Started at 10:57:26 on 07 Oct 2016                              +
 ++++++++++++++++++++++++++++++++++++++++++++++++++++++++++++++++++++

 Please cite: G.M. Sheldrick (2010), "Experimental phasing with
 SHELXC/D/E: combining chain tracing with density modification",
 Acta Cryst. D66, 479-485 (Open Access) if SHELXE proves useful.

 Command line parameters:
  sad sad_fa -h1 -s0.400000 -m20 -i

 Cell, symmetry and heavy atoms from: sad_fa.res
 FA and alpha from: sad_fa.hkl
 Native data from: sad.hkl
 Listing output to sad_i.lst
 Phases output to sad_i.phs
 Revised heavy atom sites output to sad_i.hat
 Revised heavy atom phases output to sad_i.pha


 Summary of parameters to be employed:

 -a     0  iterations autotracing
 -b   5.0  extra B for revised heavy atom sites
 -c 0.400  fraction of pixels in crossover region
 -d 0.000  high resolution limit to be applied to input data
 -e unset  fill in missing data up to maximum resolution + 0.2 Ang.
 -f unset  read intensity not F from native .hkl file
 -F 0.800  fractional weight for phases from previous global cycle
 -g 1.100  solvent gamma flipping factor
 -h    1  heavy atoms present in native - use first    1
 -i invert structure (and space group)
 -k   4.5  minimum height/sigma for revised heavy atom sites
 -l     2  space for  2000000 reflections
 -L     6  minimum number of residues per chain (if more than 3 chains)
 -m    20  cycles of density modification
 -r  3.00  map resolution (multiplies maximum indices)
 -s 0.400  solvent fraction
 -v unset  density sharpening factor dependent on resolution
 -w 0.200  weight for experimental phases after cycle 1
 -x unset  no phase and trace diagnostics 
 -Y 0.300  SAD phase shift factor
 -z unset  do not optimize heavy atoms

 Space group: P 61 2 2   Allowed origin shift code: 10

     1 atoms read from file sad_fa.res

    35210 Reflections read from file sad_fa.hkl

    50778 Reflections read from file sad.hkl

    50712 Unique data, highest resolution =  1.529 Angstroms

 Anisotropic scaling: intensities multiplied by
 -0.000112h^2 -0.000112k^2 +0.000113l^2 +0.000000kl +0.000000hl -0.000112hk

    13 Reflections with d > 1.729 and      0 in range  1.729 > d > 1.729 added

 Density sharpening factor set to  1.46
 Fourier grid =   256 x  256 x   22     0.000 <= z <= 0.083

    92 Point spherical net set up with radius 2.42A
    10 Extra Fourier layers will be generated

 <|E^2-1|> = 0.744

 ** Space group converted to enantiomorph **

 ** Atom coordinates inverted **

 Overall CC between Eobs (from delF) and Ecalc (from heavy atoms) = 14.43%

 <wt> = 0.117  for phases from phiT = phiA + alpha
 <wt> = 0.214 after including heavy atoms
 <wt> = 0.172, Contrast = 0.014, Connect. = 0.540 for dens.mod. cycle 1
 <wt> = 0.199, Contrast = 0.051, Connect. = 0.594 for dens.mod. cycle 2
 <wt> = 0.218, Contrast = 0.064, Connect. = 0.608 for dens.mod. cycle 3
 <wt> = 0.233, Contrast = 0.073, Connect. = 0.608 for dens.mod. cycle 4
 <wt> = 0.246, Contrast = 0.085, Connect. = 0.609 for dens.mod. cycle 5
 <wt> = 0.257, Contrast = 0.101, Connect. = 0.616 for dens.mod. cycle 6
 <wt> = 0.266, Contrast = 0.116, Connect. = 0.622 for dens.mod. cycle 7
 <wt> = 0.274, Contrast = 0.131, Connect. = 0.627 for dens.mod. cycle 8
 <wt> = 0.280, Contrast = 0.147, Connect. = 0.636 for dens.mod. cycle 9
 <wt> = 0.285, Contrast = 0.161, Connect. = 0.642 for dens.mod. cycle 10
 <wt> = 0.288, Contrast = 0.176, Connect. = 0.650 for dens.mod. cycle 11
 <wt> = 0.291, Contrast = 0.188, Connect. = 0.656 for dens.mod. cycle 12
 <wt> = 0.293, Contrast = 0.198, Connect. = 0.661 for dens.mod. cycle 13
 <wt> = 0.293, Contrast = 0.207, Connect. = 0.666 for dens.mod. cycle 14
 <wt> = 0.294, Contrast = 0.216, Connect. = 0.672 for dens.mod. cycle 15
 <wt> = 0.294, Contrast = 0.224, Connect. = 0.676 for dens.mod. cycle 16
 <wt> = 0.294, Contrast = 0.231, Connect. = 0.681 for dens.mod. cycle 17
 <wt> = 0.294, Contrast = 0.237, Connect. = 0.685 for dens.mod. cycle 18
 <wt> = 0.294, Contrast = 0.242, Connect. = 0.687 for dens.mod. cycle 19
 <wt> = 0.294, Contrast = 0.247, Connect. = 0.690 for dens.mod. cycle 20

 Estimated mean FOM and mapCC as a function of resolution
 d    inf - 3.38 - 2.66 - 2.31 - 2.10 - 1.94 - 1.83 - 1.73 - 1.66 - 1.59 - 1.53
 <FOM>   0.577  0.544  0.511  0.528  0.507  0.467  0.422  0.361  0.288  0.263
 <mapCC> 0.765  0.731  0.702  0.725  0.711  0.676  0.646  0.581  0.485  0.452
 N        5091   5090   5215   4955   5327   4809   5472   4673   5508   4572

 Estimated mean FOM = 0.448   Pseudo-free CC = 48.18 %

 Anomalous density (in sigma units) at input heavy atom sites

  Site     x        y        z     occ*Z   density
    1   0.8791   0.5499   0.9441  34.0000   95.60

 Site    x       y       z  h(sig) near old  near new
   1  0.8793  0.5504  0.9442  96.0  1/0.05  5/1.87 2/1.90 4/1.93 3/2.05
   2  0.8883  0.5361  0.9450  -7.7  1/1.87  1/1.90 3/2.75 4/2.97 5/3.36
   3  0.8562  0.5299  0.9442  -6.4  1/2.01  4/0.51 1/2.05 2/2.75 5/3.74
   4  0.8559  0.5350  0.9452  -6.0  1/1.90  3/0.51 1/1.93 2/2.97 5/3.46
   5  0.8913  0.5736  0.9448  -5.8  1/1.92  1/1.87 2/3.36 4/3.46 3/3.74
   6  0.8559  0.6085  1.0375   5.4  1/13.91  5/13.31 4/13.80 1/13.88 3/14.16
   7  0.9842  0.4921  0.9180   5.2  1/13.75  2/12.06 2/12.17 1/13.77 1/13.86
   8  0.5562  0.4320  0.8768   5.0  1/27.76  10/21.47 8/23.01 4/26.12 9/26.18
   9  0.6990  0.4516  1.0559  -4.8  1/20.55  10/11.92 6/14.80 9/15.73 4/19.16
  10  0.6724  0.5529  1.0186  -4.8  1/21.67  9/11.92 6/15.38 7/17.23 7/17.40

 ==============================================================================

       CPU times required in seconds
       -----------------------------
         1.2 - Setup, data input and phasing
         7.0 - FFTs and peak-searches
        15.6 - Sphere of influence
         0.4 - Rest of density modification
         0.0 - Alpha-helix search
         0.0 - Tripeptide search
         0.0 - Chain tracing
         0.0 - NCS analysis
         0.0 - B-value refinement for trace
         0.0 - Rest of tracing
         0.0 - Comparison with known structure


 ++++++++++++++++++++++++++++++++++++++++++++++++++++++++++++++++++++
 +  SHELXE finished at 10:57:50      Total time:        24.18 secs  +
 ++++++++++++++++++++++++++++++++++++++++++++++++++++++++++++++++++++
