
 ++++++++++++++++++++++++++++++++++++++++++++++++++++++++++++++++++++
 +  SHELXE  -  PHASING AND DENSITY MODIFICATION  -  Version 2016/2  +
 +  Copyright (c)  George M. Sheldrick 2001-16                      +
 +  Started at 11:02:17 on 07 Oct 2016                              +
 ++++++++++++++++++++++++++++++++++++++++++++++++++++++++++++++++++++

 Please cite: G.M. Sheldrick (2010), "Experimental phasing with
 SHELXC/D/E: combining chain tracing with density modification",
 Acta Cryst. D66, 479-485 (Open Access) if SHELXE proves useful.

 Command line parameters:
  sad sad_fa -h1 -s0.350000 -m20 -i

 Cell, symmetry and heavy atoms from: sad_fa.res
 FA and alpha from: sad_fa.hkl
 Native data from: sad.hkl
 Listing output to sad_i.lst
 Phases output to sad_i.phs
 Revised heavy atom sites output to sad_i.hat
 Revised heavy atom phases output to sad_i.pha


 Summary of parameters to be employed:

 -a     0  iterations autotracing
 -b   5.0  extra B for revised heavy atom sites
 -c 0.400  fraction of pixels in crossover region
 -d 0.000  high resolution limit to be applied to input data
 -e unset  fill in missing data up to maximum resolution + 0.2 Ang.
 -f unset  read intensity not F from native .hkl file
 -F 0.800  fractional weight for phases from previous global cycle
 -g 1.100  solvent gamma flipping factor
 -h    1  heavy atoms present in native - use first    1
 -i invert structure (and space group)
 -k   4.5  minimum height/sigma for revised heavy atom sites
 -l     2  space for  2000000 reflections
 -L     6  minimum number of residues per chain (if more than 3 chains)
 -m    20  cycles of density modification
 -r  3.00  map resolution (multiplies maximum indices)
 -s 0.350  solvent fraction
 -v unset  density sharpening factor dependent on resolution
 -w 0.200  weight for experimental phases after cycle 1
 -x unset  no phase and trace diagnostics 
 -Y 0.300  SAD phase shift factor
 -z unset  do not optimize heavy atoms

 Space group: P 61 2 2   Allowed origin shift code: 10

     1 atoms read from file sad_fa.res

    35210 Reflections read from file sad_fa.hkl

    50778 Reflections read from file sad.hkl

    50712 Unique data, highest resolution =  1.529 Angstroms

 Anisotropic scaling: intensities multiplied by
 -0.000112h^2 -0.000112k^2 +0.000113l^2 +0.000000kl +0.000000hl -0.000112hk

    13 Reflections with d > 1.729 and      0 in range  1.729 > d > 1.729 added

 Density sharpening factor set to  1.46
 Fourier grid =   256 x  256 x   22     0.000 <= z <= 0.083

    92 Point spherical net set up with radius 2.42A
    10 Extra Fourier layers will be generated

 <|E^2-1|> = 0.744

 ** Space group converted to enantiomorph **

 ** Atom coordinates inverted **

 Overall CC between Eobs (from delF) and Ecalc (from heavy atoms) = 13.63%

 <wt> = 0.112  for phases from phiT = phiA + alpha
 <wt> = 0.200 after including heavy atoms
 <wt> = 0.159, Contrast = 0.014, Connect. = 0.544 for dens.mod. cycle 1
 <wt> = 0.192, Contrast = 0.037, Connect. = 0.581 for dens.mod. cycle 2
 <wt> = 0.213, Contrast = 0.057, Connect. = 0.607 for dens.mod. cycle 3
 <wt> = 0.229, Contrast = 0.075, Connect. = 0.609 for dens.mod. cycle 4
 <wt> = 0.243, Contrast = 0.092, Connect. = 0.615 for dens.mod. cycle 5
 <wt> = 0.255, Contrast = 0.111, Connect. = 0.622 for dens.mod. cycle 6
 <wt> = 0.264, Contrast = 0.130, Connect. = 0.631 for dens.mod. cycle 7
 <wt> = 0.272, Contrast = 0.147, Connect. = 0.639 for dens.mod. cycle 8
 <wt> = 0.278, Contrast = 0.162, Connect. = 0.647 for dens.mod. cycle 9
 <wt> = 0.283, Contrast = 0.173, Connect. = 0.651 for dens.mod. cycle 10
 <wt> = 0.288, Contrast = 0.184, Connect. = 0.658 for dens.mod. cycle 11
 <wt> = 0.291, Contrast = 0.193, Connect. = 0.663 for dens.mod. cycle 12
 <wt> = 0.292, Contrast = 0.201, Connect. = 0.667 for dens.mod. cycle 13
 <wt> = 0.294, Contrast = 0.208, Connect. = 0.672 for dens.mod. cycle 14
 <wt> = 0.294, Contrast = 0.215, Connect. = 0.677 for dens.mod. cycle 15
 <wt> = 0.294, Contrast = 0.223, Connect. = 0.683 for dens.mod. cycle 16
 <wt> = 0.294, Contrast = 0.230, Connect. = 0.688 for dens.mod. cycle 17
 <wt> = 0.294, Contrast = 0.235, Connect. = 0.693 for dens.mod. cycle 18
 <wt> = 0.294, Contrast = 0.240, Connect. = 0.696 for dens.mod. cycle 19
 <wt> = 0.294, Contrast = 0.244, Connect. = 0.699 for dens.mod. cycle 20

 Estimated mean FOM and mapCC as a function of resolution
 d    inf - 3.38 - 2.66 - 2.31 - 2.10 - 1.94 - 1.83 - 1.73 - 1.66 - 1.59 - 1.53
 <FOM>   0.617  0.580  0.542  0.555  0.529  0.482  0.450  0.418  0.394  0.370
 <mapCC> 0.795  0.759  0.721  0.737  0.716  0.677  0.657  0.640  0.613  0.601
 N        5091   5090   5215   4955   5327   4809   5472   4673   5508   4572

 Estimated mean FOM = 0.494   Pseudo-free CC = 53.58 %

 Anomalous density (in sigma units) at input heavy atom sites

  Site     x        y        z     occ*Z   density
    1   0.8828   0.5513   0.9441  34.0000   89.04

 Site    x       y       z  h(sig) near old  near new
   1  0.8816  0.5504  0.9442  89.7  1/0.10  7/1.91 3/1.95 5/1.97 4/2.04
   2  0.8951  0.6647  1.1120  -8.7  1/24.02  11/12.84 14/17.71 14/20.27 14/21.9
   3  0.8865  0.5734  0.9435  -6.5  1/1.91  1/1.95 4/2.88 5/3.19 12/3.81
   4  0.8573  0.5420  0.9475  -6.4  1/2.13  12/1.85 1/2.04 3/2.88 7/3.09
   5  0.9025  0.5501  0.9439  -6.3  1/1.89  7/1.80 1/1.97 3/3.19 12/3.30
   6  0.5532  0.4299  0.8768   5.8  1/28.28  10/14.33 9/14.96 13/19.07 6/22.88
   7  0.8832  0.5308  0.9444  -5.8  1/1.92  5/1.80 12/1.82 1/1.91 4/3.09
   8  0.8975  0.6653  0.7778  -5.6  1/23.81  15/12.70 8/14.06 9/16.21 10/20.71
   9  0.9989  0.4331  1.0567   5.5  1/23.89  10/10.90 13/12.44 6/14.96 8/16.21
  10  0.6731  0.5495  0.9461  -5.2  1/19.45  13/6.88 9/10.90 6/14.33 4/17.51
  11  1.0039  0.7839  1.0567  -5.1  1/23.80  14/10.13 14/11.92 2/12.84 11/20.94
  12  0.8619  0.5262  0.9425  -4.9  1/2.18  7/1.82 4/1.85 1/2.09 5/3.30
  13  0.6637  0.5474  0.9987  -4.9  1/21.44  10/6.88 9/12.44 15/18.93 6/19.07
  14  1.1166  0.8883  1.0563   4.8  1/31.44  14/7.03 11/10.13 11/11.92 2/17.72
  15  0.9963  0.7782  0.8387  -4.7  1/22.85  8/12.70 13/18.93 10/20.29 3/21.42

 ==============================================================================

       CPU times required in seconds
       -----------------------------
         1.7 - Setup, data input and phasing
         9.0 - FFTs and peak-searches
        19.5 - Sphere of influence
         0.4 - Rest of density modification
         0.0 - Alpha-helix search
         0.0 - Tripeptide search
         0.0 - Chain tracing
         0.0 - NCS analysis
         0.0 - B-value refinement for trace
         0.0 - Rest of tracing
         0.0 - Comparison with known structure


 ++++++++++++++++++++++++++++++++++++++++++++++++++++++++++++++++++++
 +  SHELXE finished at 11:02:48      Total time:        30.64 secs  +
 ++++++++++++++++++++++++++++++++++++++++++++++++++++++++++++++++++++
