
 ++++++++++++++++++++++++++++++++++++++++++++++++++++++++++++++++++++
 +  SHELXE  -  PHASING AND DENSITY MODIFICATION  -  Version 2016/2  +
 +  Copyright (c)  George M. Sheldrick 2001-16                      +
 +  Started at 11:08:16 on 07 Oct 2016                              +
 ++++++++++++++++++++++++++++++++++++++++++++++++++++++++++++++++++++

 Please cite: G.M. Sheldrick (2010), "Experimental phasing with
 SHELXC/D/E: combining chain tracing with density modification",
 Acta Cryst. D66, 479-485 (Open Access) if SHELXE proves useful.

 Command line parameters:
  sad sad_fa -h1 -s0.600000 -m20

 Cell, symmetry and heavy atoms from: sad_fa.res
 FA and alpha from: sad_fa.hkl
 Native data from: sad.hkl
 Listing output to sad.lst
 Phases output to sad.phs
 Revised heavy atom sites output to sad.hat
 Revised heavy atom phases output to sad.pha


 Summary of parameters to be employed:

 -a     0  iterations autotracing
 -b   5.0  extra B for revised heavy atom sites
 -c 0.400  fraction of pixels in crossover region
 -d 0.000  high resolution limit to be applied to input data
 -e unset  fill in missing data up to maximum resolution + 0.2 Ang.
 -f unset  read intensity not F from native .hkl file
 -F 0.800  fractional weight for phases from previous global cycle
 -g 1.100  solvent gamma flipping factor
 -h    1  heavy atoms present in native - use first    1
 -i unset  no structure inversion
 -k   4.5  minimum height/sigma for revised heavy atom sites
 -l     2  space for  2000000 reflections
 -L     6  minimum number of residues per chain (if more than 3 chains)
 -m    20  cycles of density modification
 -r  3.00  map resolution (multiplies maximum indices)
 -s 0.600  solvent fraction
 -v unset  density sharpening factor dependent on resolution
 -w 0.200  weight for experimental phases after cycle 1
 -x unset  no phase and trace diagnostics 
 -Y 0.300  SAD phase shift factor
 -z unset  do not optimize heavy atoms

 Space group: P 61 2 2   Allowed origin shift code: 10

     1 atoms read from file sad_fa.res

    35210 Reflections read from file sad_fa.hkl

    50778 Reflections read from file sad.hkl

    50712 Unique data, highest resolution =  1.529 Angstroms

 Anisotropic scaling: intensities multiplied by
 -0.000112h^2 -0.000112k^2 +0.000113l^2 +0.000000kl +0.000000hl -0.000112hk

    13 Reflections with d > 1.729 and      0 in range  1.729 > d > 1.729 added

 Density sharpening factor set to  1.46
 Fourier grid =   256 x  256 x   22     0.000 <= z <= 0.083

    92 Point spherical net set up with radius 2.42A
    10 Extra Fourier layers will be generated

 <|E^2-1|> = 0.744

 Overall CC between Eobs (from delF) and Ecalc (from heavy atoms) = 14.52%

 <wt> = 0.117  for phases from phiT = phiA + alpha
 <wt> = 0.212 after including heavy atoms
 <wt> = 0.185, Contrast = 0.015, Connect. = 0.547 for dens.mod. cycle 1
 <wt> = 0.205, Contrast = 0.088, Connect. = 0.620 for dens.mod. cycle 2
 <wt> = 0.221, Contrast = 0.145, Connect. = 0.676 for dens.mod. cycle 3
 <wt> = 0.233, Contrast = 0.158, Connect. = 0.673 for dens.mod. cycle 4
 <wt> = 0.246, Contrast = 0.158, Connect. = 0.665 for dens.mod. cycle 5
 <wt> = 0.255, Contrast = 0.156, Connect. = 0.657 for dens.mod. cycle 6
 <wt> = 0.264, Contrast = 0.157, Connect. = 0.651 for dens.mod. cycle 7
 <wt> = 0.272, Contrast = 0.158, Connect. = 0.645 for dens.mod. cycle 8
 <wt> = 0.279, Contrast = 0.159, Connect. = 0.641 for dens.mod. cycle 9
 <wt> = 0.284, Contrast = 0.160, Connect. = 0.639 for dens.mod. cycle 10
 <wt> = 0.288, Contrast = 0.162, Connect. = 0.636 for dens.mod. cycle 11
 <wt> = 0.291, Contrast = 0.164, Connect. = 0.635 for dens.mod. cycle 12
 <wt> = 0.293, Contrast = 0.167, Connect. = 0.634 for dens.mod. cycle 13
 <wt> = 0.293, Contrast = 0.169, Connect. = 0.634 for dens.mod. cycle 14
 <wt> = 0.294, Contrast = 0.172, Connect. = 0.635 for dens.mod. cycle 15
 <wt> = 0.294, Contrast = 0.174, Connect. = 0.636 for dens.mod. cycle 16
 <wt> = 0.294, Contrast = 0.179, Connect. = 0.638 for dens.mod. cycle 17
 <wt> = 0.294, Contrast = 0.181, Connect. = 0.639 for dens.mod. cycle 18
 <wt> = 0.294, Contrast = 0.187, Connect. = 0.641 for dens.mod. cycle 19
 <wt> = 0.294, Contrast = 0.189, Connect. = 0.642 for dens.mod. cycle 20

 Estimated mean FOM and mapCC as a function of resolution
 d    inf - 3.38 - 2.66 - 2.31 - 2.10 - 1.94 - 1.83 - 1.73 - 1.66 - 1.59 - 1.53
 <FOM>   0.360  0.334  0.392  0.402  0.370  0.353  0.347  0.327  0.291  0.266
 <mapCC> 0.516  0.443  0.522  0.540  0.510  0.499  0.513  0.491  0.441  0.413
 N        5091   5090   5215   4955   5327   4809   5472   4673   5508   4572

 Estimated mean FOM = 0.345   Pseudo-free CC = 38.62 %

 Anomalous density (in sigma units) at input heavy atom sites

  Site     x        y        z     occ*Z   density
    1   0.1200   0.4492   0.0558  34.0000  139.76

 Site    x       y       z  h(sig) near old  near new
   1  0.1199  0.4501  0.0556 140.9  1/0.10  4/1.71 5/1.74 9/1.76 8/1.76
   2  0.1202  0.4697  0.0560 -11.4  1/1.90  4/1.31 1/1.81 3/1.82 5/2.34
   3  0.1006  0.4503  0.0563 -11.3  1/1.86  4/0.52 8/0.72 1/1.80 2/1.82
   4  0.1055  0.4564  0.0561 -11.0  1/1.78  3/0.52 8/1.19 2/1.31 1/1.71
   5  0.1413  0.4630  0.0560 -10.5  1/1.74  1/1.74 2/2.34 12/2.44 7/2.87
   6  0.4422  0.5678  0.1217   9.8  1/27.65  22/13.85 17/16.80 17/18.31 13/20.3
   7  0.1160  0.4287  0.0550  -9.1  1/1.76  12/0.70 9/0.94 1/1.85 8/2.49
   8  0.0982  0.4416  0.0560  -8.8  1/1.79  3/0.72 4/1.19 9/1.73 1/1.76
   9  0.1063  0.4290  0.0533  -8.8  1/1.70  7/0.94 12/1.59 8/1.73 1/1.76
  10  0.1417  0.3893 -0.0363   8.7  1/13.76  11/3.85 14/8.08 13/11.42 12/12.93
  11  0.1325  0.3755 -0.0646   8.0  1/17.34  10/3.85 14/10.88 13/11.21 16/13.89
  12  0.1248  0.4329  0.0554  -7.4  1/1.79  7/0.70 9/1.59 1/1.88 5/2.44
  13  0.2140  0.5113 -0.0801   6.8  1/19.26  21/8.29 11/11.21 10/11.42 14/12.50
  14  0.1178  0.4497 -0.0052  -5.4  1/7.93  9/7.79 1/7.91 7/8.05 10/8.08
  15  0.3307  0.4510 -0.0189  -5.3  1/21.81  22/9.62 18/11.28 21/11.55 10/15.71
  16 -0.0051  0.2180 -0.0556  -5.1  1/23.62  11/13.89 10/15.15 20/17.15 14/19.8
  17  0.3405  0.6669  0.0559  -5.0  1/20.40  17/7.16 6/16.80 21/17.51 6/18.31
  18 -0.1028  0.4485  0.0548  -5.0  1/20.72  18/7.42 15/11.28 21/12.99 21/14.85
  19  0.1222  0.4540  0.1140  -5.0  1/7.58  1/7.60 5/7.70 2/7.71 4/7.71
  20 -0.0150  0.3114  0.0558  -4.9  1/12.71  9/11.13 8/11.42 7/11.62 3/12.00
  21  0.3089  0.5509 -0.0564  -4.8  1/21.09  13/8.29 15/11.55 18/12.99 18/14.85
  22  0.3284  0.4494  0.0551  -4.8  1/19.40  15/9.62 6/13.85 18/17.70 21/17.88

 ==============================================================================

       CPU times required in seconds
       -----------------------------
         1.7 - Setup, data input and phasing
         6.7 - FFTs and peak-searches
        15.2 - Sphere of influence
         0.3 - Rest of density modification
         0.0 - Alpha-helix search
         0.0 - Tripeptide search
         0.0 - Chain tracing
         0.0 - NCS analysis
         0.0 - B-value refinement for trace
         0.0 - Rest of tracing
         0.0 - Comparison with known structure


 ++++++++++++++++++++++++++++++++++++++++++++++++++++++++++++++++++++
 +  SHELXE finished at 11:08:40      Total time:        23.87 secs  +
 ++++++++++++++++++++++++++++++++++++++++++++++++++++++++++++++++++++
