
 ++++++++++++++++++++++++++++++++++++++++++++++++++++++++++++++++++++
 +  SHELXE  -  PHASING AND DENSITY MODIFICATION  -  Version 2016/2  +
 +  Copyright (c)  George M. Sheldrick 2001-16                      +
 +  Started at 11:04:03 on 07 Oct 2016                              +
 ++++++++++++++++++++++++++++++++++++++++++++++++++++++++++++++++++++

 Please cite: G.M. Sheldrick (2010), "Experimental phasing with
 SHELXC/D/E: combining chain tracing with density modification",
 Acta Cryst. D66, 479-485 (Open Access) if SHELXE proves useful.

 Command line parameters:
  sad sad_fa -h1 -s0.250000 -m20

 Cell, symmetry and heavy atoms from: sad_fa.res
 FA and alpha from: sad_fa.hkl
 Native data from: sad.hkl
 Listing output to sad.lst
 Phases output to sad.phs
 Revised heavy atom sites output to sad.hat
 Revised heavy atom phases output to sad.pha


 Summary of parameters to be employed:

 -a     0  iterations autotracing
 -b   5.0  extra B for revised heavy atom sites
 -c 0.400  fraction of pixels in crossover region
 -d 0.000  high resolution limit to be applied to input data
 -e unset  fill in missing data up to maximum resolution + 0.2 Ang.
 -f unset  read intensity not F from native .hkl file
 -F 0.800  fractional weight for phases from previous global cycle
 -g 1.100  solvent gamma flipping factor
 -h    1  heavy atoms present in native - use first    1
 -i unset  no structure inversion
 -k   4.5  minimum height/sigma for revised heavy atom sites
 -l     2  space for  2000000 reflections
 -L     6  minimum number of residues per chain (if more than 3 chains)
 -m    20  cycles of density modification
 -r  3.00  map resolution (multiplies maximum indices)
 -s 0.250  solvent fraction
 -v unset  density sharpening factor dependent on resolution
 -w 0.200  weight for experimental phases after cycle 1
 -x unset  no phase and trace diagnostics 
 -Y 0.300  SAD phase shift factor
 -z unset  do not optimize heavy atoms

 Space group: P 61 2 2   Allowed origin shift code: 10

     1 atoms read from file sad_fa.res

    35210 Reflections read from file sad_fa.hkl

    50778 Reflections read from file sad.hkl

    50712 Unique data, highest resolution =  1.529 Angstroms

 Anisotropic scaling: intensities multiplied by
 -0.000112h^2 -0.000112k^2 +0.000113l^2 +0.000000kl +0.000000hl -0.000112hk

    13 Reflections with d > 1.729 and      0 in range  1.729 > d > 1.729 added

 Density sharpening factor set to  1.46
 Fourier grid =   256 x  256 x   22     0.000 <= z <= 0.083

    92 Point spherical net set up with radius 2.42A
    10 Extra Fourier layers will be generated

 <|E^2-1|> = 0.744

 Overall CC between Eobs (from delF) and Ecalc (from heavy atoms) = 13.99%

 <wt> = 0.115  for phases from phiT = phiA + alpha
 <wt> = 0.214 after including heavy atoms
 <wt> = 0.188, Contrast = 0.015, Connect. = 0.548 for dens.mod. cycle 1
 <wt> = 0.242, Contrast = 0.055, Connect. = 0.607 for dens.mod. cycle 2
 <wt> = 0.287, Contrast = 0.094, Connect. = 0.624 for dens.mod. cycle 3
 <wt> = 0.294, Contrast = 0.122, Connect. = 0.627 for dens.mod. cycle 4
 <wt> = 0.294, Contrast = 0.152, Connect. = 0.649 for dens.mod. cycle 5
 <wt> = 0.294, Contrast = 0.177, Connect. = 0.666 for dens.mod. cycle 6
 <wt> = 0.294, Contrast = 0.195, Connect. = 0.677 for dens.mod. cycle 7
 <wt> = 0.294, Contrast = 0.210, Connect. = 0.685 for dens.mod. cycle 8
 <wt> = 0.294, Contrast = 0.223, Connect. = 0.692 for dens.mod. cycle 9
 <wt> = 0.294, Contrast = 0.234, Connect. = 0.697 for dens.mod. cycle 10
 <wt> = 0.294, Contrast = 0.243, Connect. = 0.701 for dens.mod. cycle 11
 <wt> = 0.294, Contrast = 0.250, Connect. = 0.704 for dens.mod. cycle 12
 <wt> = 0.294, Contrast = 0.257, Connect. = 0.707 for dens.mod. cycle 13
 <wt> = 0.294, Contrast = 0.263, Connect. = 0.710 for dens.mod. cycle 14
 <wt> = 0.294, Contrast = 0.268, Connect. = 0.712 for dens.mod. cycle 15
 <wt> = 0.294, Contrast = 0.272, Connect. = 0.714 for dens.mod. cycle 16
 <wt> = 0.294, Contrast = 0.276, Connect. = 0.715 for dens.mod. cycle 17
 <wt> = 0.294, Contrast = 0.280, Connect. = 0.716 for dens.mod. cycle 18
 <wt> = 0.294, Contrast = 0.283, Connect. = 0.717 for dens.mod. cycle 19
 <wt> = 0.294, Contrast = 0.287, Connect. = 0.718 for dens.mod. cycle 20

 Estimated mean FOM and mapCC as a function of resolution
 d    inf - 3.38 - 2.66 - 2.31 - 2.10 - 1.94 - 1.83 - 1.73 - 1.66 - 1.59 - 1.53
 <FOM>   0.568  0.602  0.593  0.557  0.536  0.530  0.523  0.489  0.445  0.410
 <mapCC> 0.711  0.739  0.732  0.687  0.672  0.679  0.689  0.664  0.610  0.585
 N        5091   5090   5215   4955   5327   4809   5472   4673   5508   4572

 Estimated mean FOM = 0.526   Pseudo-free CC = 56.31 %

 Anomalous density (in sigma units) at input heavy atom sites

  Site     x        y        z     occ*Z   density
    1   0.1209   0.4498   0.0550  34.0000   94.10

 Site    x       y       z  h(sig) near old  near new
   1  0.1200  0.4506  0.0551  95.3  1/0.14  9/1.86 7/1.90 6/1.99 8/2.00
   2  0.4414  0.5670  0.1214  10.1  1/27.54  4/20.51 2/23.43 8/25.77 3/25.91
   3  0.1335  0.3758 -0.0641   8.5  1/17.22  5/3.76 4/11.26 11/15.85 10/16.50
   4  0.2160  0.5122 -0.0798   8.3  1/19.17  11/7.52 3/11.26 5/11.50 8/18.42
   5  0.1425  0.3887 -0.0363   7.6  1/13.74  3/3.76 4/11.50 10/13.00 8/13.56
   6  0.1162  0.4697  0.0562  -7.6  1/2.11  7/1.52 1/1.99 9/2.13 8/3.11
   7  0.1010  0.4532  0.0537  -7.4  1/2.04  9/0.70 6/1.52 1/1.90 10/3.15
   8  0.1448  0.4616  0.0544  -7.0  1/1.92  1/2.00 6/3.11 10/3.22 7/3.74
   9  0.0979  0.4446  0.0530  -6.9  1/1.96  7/0.70 1/1.86 6/2.13 10/2.63
  10  0.1116  0.4258  0.0544  -6.4  1/1.95  1/2.03 9/2.63 7/3.15 8/3.22
  11  0.3012  0.5477 -0.0569  -4.9  1/20.57  4/7.52 5/15.03 3/15.85 8/19.21

 ==============================================================================

       CPU times required in seconds
       -----------------------------
         1.6 - Setup, data input and phasing
         9.5 - FFTs and peak-searches
        21.5 - Sphere of influence
         0.5 - Rest of density modification
         0.0 - Alpha-helix search
         0.0 - Tripeptide search
         0.0 - Chain tracing
         0.0 - NCS analysis
         0.0 - B-value refinement for trace
         0.0 - Rest of tracing
         0.0 - Comparison with known structure


 ++++++++++++++++++++++++++++++++++++++++++++++++++++++++++++++++++++
 +  SHELXE finished at 11:04:37      Total time:        33.10 secs  +
 ++++++++++++++++++++++++++++++++++++++++++++++++++++++++++++++++++++
