
 ++++++++++++++++++++++++++++++++++++++++++++++++++++++++++++++++++++
 +  SHELXE  -  PHASING AND DENSITY MODIFICATION  -  Version 2016/2  +
 +  Copyright (c)  George M. Sheldrick 2001-16                      +
 +  Started at 10:59:33 on 07 Oct 2016                              +
 ++++++++++++++++++++++++++++++++++++++++++++++++++++++++++++++++++++

 Please cite: G.M. Sheldrick (2010), "Experimental phasing with
 SHELXC/D/E: combining chain tracing with density modification",
 Acta Cryst. D66, 479-485 (Open Access) if SHELXE proves useful.

 Command line parameters:
  sad sad_fa -h1 -s0.450000 -m20

 Cell, symmetry and heavy atoms from: sad_fa.res
 FA and alpha from: sad_fa.hkl
 Native data from: sad.hkl
 Listing output to sad.lst
 Phases output to sad.phs
 Revised heavy atom sites output to sad.hat
 Revised heavy atom phases output to sad.pha


 Summary of parameters to be employed:

 -a     0  iterations autotracing
 -b   5.0  extra B for revised heavy atom sites
 -c 0.400  fraction of pixels in crossover region
 -d 0.000  high resolution limit to be applied to input data
 -e unset  fill in missing data up to maximum resolution + 0.2 Ang.
 -f unset  read intensity not F from native .hkl file
 -F 0.800  fractional weight for phases from previous global cycle
 -g 1.100  solvent gamma flipping factor
 -h    1  heavy atoms present in native - use first    1
 -i unset  no structure inversion
 -k   4.5  minimum height/sigma for revised heavy atom sites
 -l     2  space for  2000000 reflections
 -L     6  minimum number of residues per chain (if more than 3 chains)
 -m    20  cycles of density modification
 -r  3.00  map resolution (multiplies maximum indices)
 -s 0.450  solvent fraction
 -v unset  density sharpening factor dependent on resolution
 -w 0.200  weight for experimental phases after cycle 1
 -x unset  no phase and trace diagnostics 
 -Y 0.300  SAD phase shift factor
 -z unset  do not optimize heavy atoms

 Space group: P 61 2 2   Allowed origin shift code: 10

     1 atoms read from file sad_fa.res

    35210 Reflections read from file sad_fa.hkl

    50778 Reflections read from file sad.hkl

    50712 Unique data, highest resolution =  1.529 Angstroms

 Anisotropic scaling: intensities multiplied by
 -0.000112h^2 -0.000112k^2 +0.000113l^2 +0.000000kl +0.000000hl -0.000112hk

    13 Reflections with d > 1.729 and      0 in range  1.729 > d > 1.729 added

 Density sharpening factor set to  1.46
 Fourier grid =   256 x  256 x   22     0.000 <= z <= 0.083

    92 Point spherical net set up with radius 2.42A
    10 Extra Fourier layers will be generated

 <|E^2-1|> = 0.744

 Overall CC between Eobs (from delF) and Ecalc (from heavy atoms) = 14.28%

 <wt> = 0.116  for phases from phiT = phiA + alpha
 <wt> = 0.214 after including heavy atoms
 <wt> = 0.179, Contrast = 0.015, Connect. = 0.543 for dens.mod. cycle 1
 <wt> = 0.205, Contrast = 0.073, Connect. = 0.615 for dens.mod. cycle 2
 <wt> = 0.223, Contrast = 0.099, Connect. = 0.638 for dens.mod. cycle 3
 <wt> = 0.237, Contrast = 0.116, Connect. = 0.636 for dens.mod. cycle 4
 <wt> = 0.250, Contrast = 0.137, Connect. = 0.640 for dens.mod. cycle 5
 <wt> = 0.260, Contrast = 0.157, Connect. = 0.644 for dens.mod. cycle 6
 <wt> = 0.270, Contrast = 0.182, Connect. = 0.652 for dens.mod. cycle 7
 <wt> = 0.276, Contrast = 0.200, Connect. = 0.655 for dens.mod. cycle 8
 <wt> = 0.283, Contrast = 0.222, Connect. = 0.663 for dens.mod. cycle 9
 <wt> = 0.286, Contrast = 0.239, Connect. = 0.668 for dens.mod. cycle 10
 <wt> = 0.290, Contrast = 0.261, Connect. = 0.677 for dens.mod. cycle 11
 <wt> = 0.292, Contrast = 0.279, Connect. = 0.685 for dens.mod. cycle 12
 <wt> = 0.293, Contrast = 0.295, Connect. = 0.690 for dens.mod. cycle 13
 <wt> = 0.293, Contrast = 0.314, Connect. = 0.699 for dens.mod. cycle 14
 <wt> = 0.294, Contrast = 0.332, Connect. = 0.707 for dens.mod. cycle 15
 <wt> = 0.294, Contrast = 0.349, Connect. = 0.714 for dens.mod. cycle 16
 <wt> = 0.294, Contrast = 0.369, Connect. = 0.723 for dens.mod. cycle 17
 <wt> = 0.294, Contrast = 0.387, Connect. = 0.730 for dens.mod. cycle 18
 <wt> = 0.294, Contrast = 0.404, Connect. = 0.737 for dens.mod. cycle 19
 <wt> = 0.294, Contrast = 0.419, Connect. = 0.743 for dens.mod. cycle 20

 Estimated mean FOM and mapCC as a function of resolution
 d    inf - 3.38 - 2.66 - 2.31 - 2.10 - 1.94 - 1.83 - 1.73 - 1.66 - 1.59 - 1.53
 <FOM>   0.562  0.591  0.619  0.577  0.571  0.552  0.535  0.507  0.482  0.439
 <mapCC> 0.750  0.770  0.806  0.763  0.766  0.775  0.773  0.752  0.735  0.696
 N        5091   5090   5215   4955   5327   4809   5472   4673   5508   4572

 Estimated mean FOM = 0.544   Pseudo-free CC = 58.98 %

 Anomalous density (in sigma units) at input heavy atom sites

  Site     x        y        z     occ*Z   density
    1   0.8784   0.5471   0.0547  34.0000   97.61

 Site    x       y       z  h(sig) near old  near new
   1  0.8786  0.5480  0.0550  98.5  1/0.09  10/1.77 13/1.83 6/1.85 11/1.89
   2  0.5586  0.4331  0.1219  11.2  1/27.57  15/17.69 15/18.71 14/19.07 5/20.38
   3  0.8588  0.6123 -0.0358   9.9  1/13.78  4/3.80 7/10.85 5/11.56 6/13.01
   4  0.8664  0.6240 -0.0641   9.6  1/17.29  3/3.80 7/7.21 5/11.18 9/14.43
   5  0.7860  0.4885 -0.0799   9.2  1/19.04  4/11.18 3/11.56 7/15.19 14/17.74
   6  0.8927  0.5702  0.0524  -6.9  1/1.91  11/1.59 1/1.85 12/2.48 10/2.84
   7  0.9087  0.6659 -0.1107  -6.4  1/23.68  4/7.21 3/10.85 9/12.89 5/15.19
   8  0.8835  0.5301  0.0568  -6.2  1/1.88  12/1.55 13/1.88 1/1.94 11/2.47
   9  1.0055  0.7898 -0.0532  -5.9  1/24.08  16/10.11 7/12.89 4/14.43 3/15.46
  10  0.8587  0.5450  0.0523  -5.4  1/1.78  1/1.77 13/1.94 6/2.84 8/3.29
  11  0.9019  0.5599  0.0531  -5.0  1/1.91  12/1.07 6/1.59 1/1.89 8/2.47
  12  0.8989  0.5476  0.0553  -5.0  1/1.89  11/1.07 8/1.55 1/1.91 6/2.48
  13  0.8618  0.5265  0.0557  -4.9  1/1.77  1/1.83 8/1.88 10/1.94 12/3.01
  14  0.6639  0.5437 -0.0027  -4.8  1/21.19  3/16.51 5/17.74 4/18.28 2/19.07
  15  0.6745  0.3441  0.0552  -4.7  1/18.95  15/7.43 13/17.22 2/17.69 10/17.99
  16  1.0755  0.7352 -0.0467  -4.7  1/22.27  9/10.11 7/15.87 4/17.03 3/17.59
  17  0.8792  0.9066  0.0557  -4.6  1/33.44  17/9.45 17/20.90 17/23.94 17/23.94

 ==============================================================================

       CPU times required in seconds
       -----------------------------
         1.7 - Setup, data input and phasing
         7.9 - FFTs and peak-searches
        16.6 - Sphere of influence
         0.4 - Rest of density modification
         0.0 - Alpha-helix search
         0.0 - Tripeptide search
         0.0 - Chain tracing
         0.0 - NCS analysis
         0.0 - B-value refinement for trace
         0.0 - Rest of tracing
         0.0 - Comparison with known structure


 ++++++++++++++++++++++++++++++++++++++++++++++++++++++++++++++++++++
 +  SHELXE finished at 11:00:00      Total time:        26.64 secs  +
 ++++++++++++++++++++++++++++++++++++++++++++++++++++++++++++++++++++
