
 ++++++++++++++++++++++++++++++++++++++++++++++++++++++++++++++++++++
 +  SHELXE  -  PHASING AND DENSITY MODIFICATION  -  Version 2016/2  +
 +  Copyright (c)  George M. Sheldrick 2001-16                      +
 +  Started at 11:10:12 on 07 Oct 2016                              +
 ++++++++++++++++++++++++++++++++++++++++++++++++++++++++++++++++++++

 Please cite: G.M. Sheldrick (2010), "Experimental phasing with
 SHELXC/D/E: combining chain tracing with density modification",
 Acta Cryst. D66, 479-485 (Open Access) if SHELXE proves useful.

 Command line parameters:
  sad sad_fa -h1 -s0.300000 -m20 -i

 Cell, symmetry and heavy atoms from: sad_fa.res
 FA and alpha from: sad_fa.hkl
 Native data from: sad.hkl
 Listing output to sad_i.lst
 Phases output to sad_i.phs
 Revised heavy atom sites output to sad_i.hat
 Revised heavy atom phases output to sad_i.pha


 Summary of parameters to be employed:

 -a     0  iterations autotracing
 -b   5.0  extra B for revised heavy atom sites
 -c 0.400  fraction of pixels in crossover region
 -d 0.000  high resolution limit to be applied to input data
 -e unset  fill in missing data up to maximum resolution + 0.2 Ang.
 -f unset  read intensity not F from native .hkl file
 -F 0.800  fractional weight for phases from previous global cycle
 -g 1.100  solvent gamma flipping factor
 -h    1  heavy atoms present in native - use first    1
 -i invert structure (and space group)
 -k   4.5  minimum height/sigma for revised heavy atom sites
 -l     2  space for  2000000 reflections
 -L     6  minimum number of residues per chain (if more than 3 chains)
 -m    20  cycles of density modification
 -r  3.00  map resolution (multiplies maximum indices)
 -s 0.300  solvent fraction
 -v unset  density sharpening factor dependent on resolution
 -w 0.200  weight for experimental phases after cycle 1
 -x unset  no phase and trace diagnostics 
 -Y 0.300  SAD phase shift factor
 -z unset  do not optimize heavy atoms

 Space group: P 6 2 2   Allowed origin shift code: 10

     1 atoms read from file sad_fa.res

    35210 Reflections read from file sad_fa.hkl

    50778 Reflections read from file sad.hkl

    50778 Unique data, highest resolution =  1.529 Angstroms

 Anisotropic scaling: intensities multiplied by
 -0.000112h^2 -0.000112k^2 +0.000113l^2 +0.000000kl +0.000000hl -0.000112hk

    17 Reflections with d > 1.729 and      0 in range  1.729 > d > 1.729 added

 Density sharpening factor set to  1.46
 Fourier grid =   256 x  256 x  126     0.000 <= z <= 0.500

    92 Point spherical net set up with radius 2.42A
    10 Extra Fourier layers will be generated

 <|E^2-1|> = 0.745

 ** Atom coordinates inverted **

 Overall CC between Eobs (from delF) and Ecalc (from heavy atoms) = -0.78%

          ** Heavy atom solution almost certainly wrong! **

 <wt> = 0.028  for phases from phiT = phiA + alpha
 <wt> = 0.130 after including heavy atoms
 <wt> = 0.074, Contrast = 0.018, Connect. = 0.532 for dens.mod. cycle 1
 <wt> = 0.144, Contrast = 0.039, Connect. = 0.584 for dens.mod. cycle 2
 <wt> = 0.224, Contrast = 0.103, Connect. = 0.656 for dens.mod. cycle 3
 <wt> = 0.256, Contrast = 0.154, Connect. = 0.677 for dens.mod. cycle 4
 <wt> = 0.272, Contrast = 0.168, Connect. = 0.668 for dens.mod. cycle 5
 <wt> = 0.281, Contrast = 0.180, Connect. = 0.667 for dens.mod. cycle 6
 <wt> = 0.290, Contrast = 0.191, Connect. = 0.669 for dens.mod. cycle 7
 <wt> = 0.293, Contrast = 0.199, Connect. = 0.669 for dens.mod. cycle 8
 <wt> = 0.293, Contrast = 0.209, Connect. = 0.674 for dens.mod. cycle 9
 <wt> = 0.293, Contrast = 0.219, Connect. = 0.681 for dens.mod. cycle 10
 <wt> = 0.293, Contrast = 0.227, Connect. = 0.686 for dens.mod. cycle 11
 <wt> = 0.294, Contrast = 0.233, Connect. = 0.689 for dens.mod. cycle 12
 <wt> = 0.294, Contrast = 0.239, Connect. = 0.692 for dens.mod. cycle 13
 <wt> = 0.293, Contrast = 0.243, Connect. = 0.694 for dens.mod. cycle 14
 <wt> = 0.294, Contrast = 0.248, Connect. = 0.697 for dens.mod. cycle 15
 <wt> = 0.293, Contrast = 0.251, Connect. = 0.698 for dens.mod. cycle 16
 <wt> = 0.294, Contrast = 0.255, Connect. = 0.700 for dens.mod. cycle 17
 <wt> = 0.294, Contrast = 0.258, Connect. = 0.702 for dens.mod. cycle 18
 <wt> = 0.294, Contrast = 0.260, Connect. = 0.703 for dens.mod. cycle 19
 <wt> = 0.294, Contrast = 0.263, Connect. = 0.704 for dens.mod. cycle 20

 Estimated mean FOM and mapCC as a function of resolution
 d    inf - 3.38 - 2.66 - 2.32 - 2.10 - 1.94 - 1.83 - 1.73 - 1.66 - 1.59 - 1.53
 <FOM>   0.583  0.565  0.498  0.501  0.516  0.480  0.466  0.443  0.418  0.387
 <mapCC> 0.739  0.719  0.637  0.644  0.671  0.649  0.643  0.637  0.615  0.590
 N        5119   5099   5027   5154   5331   4813   5475   4675   5512   4573

 Estimated mean FOM = 0.487   Pseudo-free CC = 52.68 %

 Anomalous density (in sigma units) at input heavy atom sites

  Site     x        y        z     occ*Z   density
    1   1.0000   1.0000   0.7220   5.6678  134.88

 Site    x       y       z  h(sig) near old  near new
   1  1.0000  1.0000  0.7214 135.4  1/0.07  8/2.21 8/2.21 8/2.21 8/2.21
   2  1.0000  1.0000  0.8359 -47.1  1/14.80  20/2.20 20/2.20 20/2.20 20/2.20
   3  1.0000  1.0000  0.9484 -24.9  1/29.42  12/6.70 12/6.70 12/6.70 12/6.70
   4  1.0000  1.0000  0.6087  23.1  1/14.72  9/3.20 9/3.20 9/3.20 9/3.20
   5  1.0000  1.0000  0.8163 -11.8  1/12.25  2/2.55 2/2.55 2/2.55 2/2.55
   6  1.0000  1.0000  0.5390 -11.3  1/23.77  18/4.58 18/4.58 18/4.58 18/4.58
   7  1.0000  1.0000  0.6607  -9.8  1/7.96  11/5.14 11/5.14 11/5.14 11/5.14
   8  0.9752  0.9775  0.7210  -9.5  1/2.21  8/2.21 8/2.21 8/2.21 8/2.21
   9  1.0000  1.0000  0.5841  -8.5  1/17.92  4/3.20 4/3.20 4/3.20 4/3.20
  10  1.0000  1.0000  0.8770  -8.0  1/20.15  2/5.35 2/5.35 2/5.35 2/5.35
  11  1.0000  1.0000  0.7003  -7.8  1/2.82  1/2.75 1/2.75 1/2.75 1/2.75
  12  1.0000  1.0000  1.0000  -6.5  1/36.12  3/6.70 3/6.70 3/6.70 3/6.70
  13  0.7871  0.7872  0.6670   6.3  1/21.07  19/12.89 19/13.01 21/17.60 8/18.97
  14  1.3333  0.6667  0.9454   5.7  1/61.11  25/2.08 25/2.08 25/2.08 25/12.10
  15  0.6667  1.3333  0.7225  -5.7  1/53.77  23/17.96 23/17.96 23/17.96 16/23.6
  16  1.4514  0.9032  0.8295   5.6  1/49.22  26/17.77 23/18.21 21/21.09 15/23.6
  17  1.4287  1.2127  0.9445   5.4  1/45.07  26/8.50 14/19.19 14/19.19 14/19.19
  18  1.0000  1.0000  0.5038   5.2  1/28.35  6/4.58 6/4.58 6/4.58 6/4.58
  19  1.1334  1.2650  0.7223  -5.1  1/21.38  21/10.84 13/12.89 13/13.01 23/16.9
  20  1.0247  1.0223  0.8366   5.1  1/15.05  20/2.20 20/2.20 20/2.20 2/2.20
  21  1.2360  1.3389  0.7738   5.1  1/28.82  19/10.84 23/11.49 13/17.60 26/19.2
  22  1.0000  1.0000  0.7626  -5.0  1/5.28  24/3.83 24/3.83 24/3.83 24/3.83
  23  1.2994  1.4592  0.7264   5.0  1/37.60  21/11.49 19/16.93 15/17.96 15/17.9
  24  1.0000  1.0000  0.7921   4.9  1/9.11  5/3.14 5/3.14 5/3.14 5/3.14
  25  1.3333  0.6667  0.9614  -4.8  1/62.12  14/2.08 14/2.08 14/2.08 14/12.10
  26  1.4222  1.2549  0.8879  -4.8  1/40.51  17/8.50 16/17.77 21/19.25 14/21.47
  27  0.5499  0.6695  0.5558   4.7  1/43.36  13/23.97 23/27.54 19/28.08 27/28.1

 ==============================================================================

       CPU times required in seconds
       -----------------------------
         4.6 - Setup, data input and phasing
        32.5 - FFTs and peak-searches
        16.3 - Sphere of influence
         0.3 - Rest of density modification
         0.0 - Alpha-helix search
         0.0 - Tripeptide search
         0.0 - Chain tracing
         0.0 - NCS analysis
         0.0 - B-value refinement for trace
         0.0 - Rest of tracing
         0.0 - Comparison with known structure


 ++++++++++++++++++++++++++++++++++++++++++++++++++++++++++++++++++++
 +  SHELXE finished at 11:11:06      Total time:        53.75 secs  +
 ++++++++++++++++++++++++++++++++++++++++++++++++++++++++++++++++++++
