
 ++++++++++++++++++++++++++++++++++++++++++++++++++++++++++++++++++++
 +  SHELXE  -  PHASING AND DENSITY MODIFICATION  -  Version 2016/2  +
 +  Copyright (c)  George M. Sheldrick 2001-16                      +
 +  Started at 11:02:17 on 07 Oct 2016                              +
 ++++++++++++++++++++++++++++++++++++++++++++++++++++++++++++++++++++

 Please cite: G.M. Sheldrick (2010), "Experimental phasing with
 SHELXC/D/E: combining chain tracing with density modification",
 Acta Cryst. D66, 479-485 (Open Access) if SHELXE proves useful.

 Command line parameters:
  sad sad_fa -h1 -s0.400000 -m20 -i

 Cell, symmetry and heavy atoms from: sad_fa.res
 FA and alpha from: sad_fa.hkl
 Native data from: sad.hkl
 Listing output to sad_i.lst
 Phases output to sad_i.phs
 Revised heavy atom sites output to sad_i.hat
 Revised heavy atom phases output to sad_i.pha


 Summary of parameters to be employed:

 -a     0  iterations autotracing
 -b   5.0  extra B for revised heavy atom sites
 -c 0.400  fraction of pixels in crossover region
 -d 0.000  high resolution limit to be applied to input data
 -e unset  fill in missing data up to maximum resolution + 0.2 Ang.
 -f unset  read intensity not F from native .hkl file
 -F 0.800  fractional weight for phases from previous global cycle
 -g 1.100  solvent gamma flipping factor
 -h    1  heavy atoms present in native - use first    1
 -i invert structure (and space group)
 -k   4.5  minimum height/sigma for revised heavy atom sites
 -l     2  space for  2000000 reflections
 -L     6  minimum number of residues per chain (if more than 3 chains)
 -m    20  cycles of density modification
 -r  3.00  map resolution (multiplies maximum indices)
 -s 0.400  solvent fraction
 -v unset  density sharpening factor dependent on resolution
 -w 0.200  weight for experimental phases after cycle 1
 -x unset  no phase and trace diagnostics 
 -Y 0.300  SAD phase shift factor
 -z unset  do not optimize heavy atoms

 Space group: P 61 2 2   Allowed origin shift code: 10

     1 atoms read from file sad_fa.res

    35210 Reflections read from file sad_fa.hkl

    50778 Reflections read from file sad.hkl

    50712 Unique data, highest resolution =  1.529 Angstroms

 Anisotropic scaling: intensities multiplied by
 -0.000112h^2 -0.000112k^2 +0.000113l^2 +0.000000kl +0.000000hl -0.000112hk

    13 Reflections with d > 1.729 and      0 in range  1.729 > d > 1.729 added

 Density sharpening factor set to  1.46
 Fourier grid =   256 x  256 x   22     0.000 <= z <= 0.083

    92 Point spherical net set up with radius 2.42A
    10 Extra Fourier layers will be generated

 <|E^2-1|> = 0.744

 ** Space group converted to enantiomorph **

 ** Atom coordinates inverted **

 Overall CC between Eobs (from delF) and Ecalc (from heavy atoms) = 13.63%

 <wt> = 0.112  for phases from phiT = phiA + alpha
 <wt> = 0.200 after including heavy atoms
 <wt> = 0.163, Contrast = 0.014, Connect. = 0.544 for dens.mod. cycle 1
 <wt> = 0.192, Contrast = 0.047, Connect. = 0.595 for dens.mod. cycle 2
 <wt> = 0.213, Contrast = 0.065, Connect. = 0.616 for dens.mod. cycle 3
 <wt> = 0.228, Contrast = 0.077, Connect. = 0.615 for dens.mod. cycle 4
 <wt> = 0.242, Contrast = 0.089, Connect. = 0.615 for dens.mod. cycle 5
 <wt> = 0.253, Contrast = 0.101, Connect. = 0.616 for dens.mod. cycle 6
 <wt> = 0.263, Contrast = 0.114, Connect. = 0.619 for dens.mod. cycle 7
 <wt> = 0.270, Contrast = 0.125, Connect. = 0.621 for dens.mod. cycle 8
 <wt> = 0.276, Contrast = 0.136, Connect. = 0.626 for dens.mod. cycle 9
 <wt> = 0.282, Contrast = 0.151, Connect. = 0.634 for dens.mod. cycle 10
 <wt> = 0.286, Contrast = 0.164, Connect. = 0.640 for dens.mod. cycle 11
 <wt> = 0.289, Contrast = 0.176, Connect. = 0.648 for dens.mod. cycle 12
 <wt> = 0.292, Contrast = 0.187, Connect. = 0.654 for dens.mod. cycle 13
 <wt> = 0.293, Contrast = 0.196, Connect. = 0.659 for dens.mod. cycle 14
 <wt> = 0.294, Contrast = 0.204, Connect. = 0.663 for dens.mod. cycle 15
 <wt> = 0.294, Contrast = 0.213, Connect. = 0.669 for dens.mod. cycle 16
 <wt> = 0.294, Contrast = 0.221, Connect. = 0.675 for dens.mod. cycle 17
 <wt> = 0.294, Contrast = 0.228, Connect. = 0.680 for dens.mod. cycle 18
 <wt> = 0.294, Contrast = 0.233, Connect. = 0.683 for dens.mod. cycle 19
 <wt> = 0.294, Contrast = 0.238, Connect. = 0.687 for dens.mod. cycle 20

 Estimated mean FOM and mapCC as a function of resolution
 d    inf - 3.38 - 2.66 - 2.31 - 2.10 - 1.94 - 1.83 - 1.73 - 1.66 - 1.59 - 1.53
 <FOM>   0.612  0.562  0.523  0.526  0.513  0.471  0.431  0.386  0.344  0.328
 <mapCC> 0.804  0.754  0.717  0.724  0.717  0.691  0.665  0.622  0.565  0.553
 N        5091   5090   5215   4955   5327   4809   5472   4673   5508   4572

 Estimated mean FOM = 0.471   Pseudo-free CC = 51.35 %

 Anomalous density (in sigma units) at input heavy atom sites

  Site     x        y        z     occ*Z   density
    1   0.8828   0.5513   0.9441  34.0000   95.34

 Site    x       y       z  h(sig) near old  near new
   1  0.8816  0.5505  0.9442  96.1  1/0.10  5/1.87 3/1.90 4/1.93 6/1.97
   2  0.8955  0.6646  1.1118  -9.1  1/23.98  12/12.81 15/17.78 15/20.27 18/20.7
   3  0.9004  0.5474  0.9445  -6.7  1/1.84  5/1.30 1/1.90 4/3.17 6/3.75
   4  0.8882  0.5737  0.9444  -6.2  1/1.89  1/1.93 6/2.90 3/3.17 5/3.69
   5  0.8865  0.5333  0.9453  -6.1  1/1.88  3/1.30 1/1.87 6/3.17 4/3.69
   6  0.8579  0.5422  0.9469  -5.9  1/2.07  1/1.97 4/2.90 5/3.17 3/3.75
   7  0.8990  0.6664  0.7777  -5.8  1/23.84  13/12.76 7/14.21 9/16.20 16/19.69
   8  0.5545  0.4304  0.8770   5.7  1/28.17  18/8.08 14/11.01 10/14.23 9/14.96
   9  0.9989  0.4335  1.0564   5.7  1/23.85  10/10.90 11/12.43 14/12.53 17/14.2
  10  0.6730  0.5495  0.9459  -5.6  1/19.46  11/6.90 14/7.65 17/9.31 9/10.90
  11  0.6639  0.5476  0.9986  -5.4  1/21.42  17/2.53 10/6.90 9/12.43 14/14.48
  12  1.0036  0.7839  1.0567  -5.4  1/23.80  15/10.13 15/11.94 2/12.81 12/20.96
  13  0.9974  0.7811  0.8386  -5.2  1/23.05  7/12.76 17/18.60 11/19.07 10/20.43
  14  0.6667  0.5521  0.8873  -4.8  1/21.48  10/7.65 8/11.01 9/12.53 11/14.47
  15  1.1163  0.8884  1.0564   4.7  1/31.44  15/7.02 12/10.13 12/11.94 2/17.79
  16  0.8809  0.5154  0.8894  -4.7  1/7.81  5/7.42 3/7.62 1/7.82 6/8.48
  17  0.6720  0.5540  1.0174  -4.7  1/21.94  11/2.53 10/9.31 9/14.26 14/16.91
  18  0.5206  0.3337  0.8896  -4.7  1/30.25  8/8.08 18/15.37 14/17.95 10/19.33

 ==============================================================================

       CPU times required in seconds
       -----------------------------
         1.6 - Setup, data input and phasing
         9.0 - FFTs and peak-searches
        21.5 - Sphere of influence
         0.5 - Rest of density modification
         0.0 - Alpha-helix search
         0.0 - Tripeptide search
         0.0 - Chain tracing
         0.0 - NCS analysis
         0.0 - B-value refinement for trace
         0.0 - Rest of tracing
         0.0 - Comparison with known structure


 ++++++++++++++++++++++++++++++++++++++++++++++++++++++++++++++++++++
 +  SHELXE finished at 11:02:50      Total time:        32.59 secs  +
 ++++++++++++++++++++++++++++++++++++++++++++++++++++++++++++++++++++
