
 ++++++++++++++++++++++++++++++++++++++++++++++++++++++++++++++++++++
 +  SHELXE  -  PHASING AND DENSITY MODIFICATION  -  Version 2016/2  +
 +  Copyright (c)  George M. Sheldrick 2001-16                      +
 +  Started at 11:04:03 on 07 Oct 2016                              +
 ++++++++++++++++++++++++++++++++++++++++++++++++++++++++++++++++++++

 Please cite: G.M. Sheldrick (2010), "Experimental phasing with
 SHELXC/D/E: combining chain tracing with density modification",
 Acta Cryst. D66, 479-485 (Open Access) if SHELXE proves useful.

 Command line parameters:
  sad sad_fa -h1 -s0.500000 -m20

 Cell, symmetry and heavy atoms from: sad_fa.res
 FA and alpha from: sad_fa.hkl
 Native data from: sad.hkl
 Listing output to sad.lst
 Phases output to sad.phs
 Revised heavy atom sites output to sad.hat
 Revised heavy atom phases output to sad.pha


 Summary of parameters to be employed:

 -a     0  iterations autotracing
 -b   5.0  extra B for revised heavy atom sites
 -c 0.400  fraction of pixels in crossover region
 -d 0.000  high resolution limit to be applied to input data
 -e unset  fill in missing data up to maximum resolution + 0.2 Ang.
 -f unset  read intensity not F from native .hkl file
 -F 0.800  fractional weight for phases from previous global cycle
 -g 1.100  solvent gamma flipping factor
 -h    1  heavy atoms present in native - use first    1
 -i unset  no structure inversion
 -k   4.5  minimum height/sigma for revised heavy atom sites
 -l     2  space for  2000000 reflections
 -L     6  minimum number of residues per chain (if more than 3 chains)
 -m    20  cycles of density modification
 -r  3.00  map resolution (multiplies maximum indices)
 -s 0.500  solvent fraction
 -v unset  density sharpening factor dependent on resolution
 -w 0.200  weight for experimental phases after cycle 1
 -x unset  no phase and trace diagnostics 
 -Y 0.300  SAD phase shift factor
 -z unset  do not optimize heavy atoms

 Space group: P 61 2 2   Allowed origin shift code: 10

     1 atoms read from file sad_fa.res

    35210 Reflections read from file sad_fa.hkl

    50778 Reflections read from file sad.hkl

    50712 Unique data, highest resolution =  1.529 Angstroms

 Anisotropic scaling: intensities multiplied by
 -0.000112h^2 -0.000112k^2 +0.000113l^2 +0.000000kl +0.000000hl -0.000112hk

    13 Reflections with d > 1.729 and      0 in range  1.729 > d > 1.729 added

 Density sharpening factor set to  1.46
 Fourier grid =   256 x  256 x   22     0.000 <= z <= 0.083

    92 Point spherical net set up with radius 2.42A
    10 Extra Fourier layers will be generated

 <|E^2-1|> = 0.744

 Overall CC between Eobs (from delF) and Ecalc (from heavy atoms) = 13.99%

 <wt> = 0.115  for phases from phiT = phiA + alpha
 <wt> = 0.214 after including heavy atoms
 <wt> = 0.179, Contrast = 0.015, Connect. = 0.548 for dens.mod. cycle 1
 <wt> = 0.202, Contrast = 0.083, Connect. = 0.624 for dens.mod. cycle 2
 <wt> = 0.219, Contrast = 0.115, Connect. = 0.653 for dens.mod. cycle 3
 <wt> = 0.232, Contrast = 0.125, Connect. = 0.648 for dens.mod. cycle 4
 <wt> = 0.245, Contrast = 0.130, Connect. = 0.644 for dens.mod. cycle 5
 <wt> = 0.255, Contrast = 0.139, Connect. = 0.640 for dens.mod. cycle 6
 <wt> = 0.264, Contrast = 0.153, Connect. = 0.642 for dens.mod. cycle 7
 <wt> = 0.272, Contrast = 0.171, Connect. = 0.646 for dens.mod. cycle 8
 <wt> = 0.279, Contrast = 0.194, Connect. = 0.655 for dens.mod. cycle 9
 <wt> = 0.285, Contrast = 0.217, Connect. = 0.662 for dens.mod. cycle 10
 <wt> = 0.288, Contrast = 0.241, Connect. = 0.670 for dens.mod. cycle 11
 <wt> = 0.291, Contrast = 0.264, Connect. = 0.678 for dens.mod. cycle 12
 <wt> = 0.293, Contrast = 0.285, Connect. = 0.686 for dens.mod. cycle 13
 <wt> = 0.293, Contrast = 0.309, Connect. = 0.695 for dens.mod. cycle 14
 <wt> = 0.294, Contrast = 0.329, Connect. = 0.704 for dens.mod. cycle 15
 <wt> = 0.294, Contrast = 0.348, Connect. = 0.711 for dens.mod. cycle 16
 <wt> = 0.294, Contrast = 0.368, Connect. = 0.719 for dens.mod. cycle 17
 <wt> = 0.294, Contrast = 0.388, Connect. = 0.726 for dens.mod. cycle 18
 <wt> = 0.294, Contrast = 0.407, Connect. = 0.734 for dens.mod. cycle 19
 <wt> = 0.294, Contrast = 0.427, Connect. = 0.741 for dens.mod. cycle 20

 Estimated mean FOM and mapCC as a function of resolution
 d    inf - 3.38 - 2.66 - 2.31 - 2.10 - 1.94 - 1.83 - 1.73 - 1.66 - 1.59 - 1.53
 <FOM>   0.531  0.595  0.628  0.600  0.564  0.536  0.515  0.469  0.438  0.389
 <mapCC> 0.722  0.779  0.822  0.798  0.774  0.760  0.757  0.713  0.688  0.631
 N        5091   5090   5215   4955   5327   4809   5472   4673   5508   4572

 Estimated mean FOM = 0.528   Pseudo-free CC = 57.28 %

 Anomalous density (in sigma units) at input heavy atom sites

  Site     x        y        z     occ*Z   density
    1   0.1209   0.4498   0.0550  34.0000  102.58

 Site    x       y       z  h(sig) near old  near new
   1  0.1199  0.4506  0.0551 104.2  1/0.15  9/1.78 7/1.79 10/1.80 8/1.85
   2  0.4414  0.5669  0.1220  11.7  1/27.56  5/20.42 2/23.34 3/25.83 10/26.01
   3  0.1335  0.3761 -0.0643  10.5  1/17.22  4/3.83 5/11.23 6/16.66 9/16.66
   4  0.1424  0.3886 -0.0359  10.2  1/13.69  3/3.83 5/11.53 6/13.08 9/13.16
   5  0.2153  0.5121 -0.0799   9.3  1/19.16  3/11.23 4/11.53 10/18.66 1/19.20
   6  0.1141  0.4281  0.0555  -7.5  1/1.79  9/0.71 1/1.88 8/2.98 10/3.10
   7  0.1183  0.4688  0.0563  -7.4  1/1.92  8/1.69 1/1.79 10/2.39 9/3.35
   8  0.1003  0.4509  0.0545  -7.1  1/1.98  7/1.69 1/1.85 9/2.45 6/2.98
   9  0.1071  0.4287  0.0538  -6.9  1/1.74  6/0.71 1/1.78 8/2.45 10/3.33
  10  0.1418  0.4650  0.0561  -6.2  1/1.75  1/1.80 7/2.39 6/3.10 9/3.33

 ==============================================================================

       CPU times required in seconds
       -----------------------------
         1.6 - Setup, data input and phasing
         9.0 - FFTs and peak-searches
        20.6 - Sphere of influence
         0.5 - Rest of density modification
         0.0 - Alpha-helix search
         0.0 - Tripeptide search
         0.0 - Chain tracing
         0.0 - NCS analysis
         0.0 - B-value refinement for trace
         0.0 - Rest of tracing
         0.0 - Comparison with known structure


 ++++++++++++++++++++++++++++++++++++++++++++++++++++++++++++++++++++
 +  SHELXE finished at 11:04:35      Total time:        31.63 secs  +
 ++++++++++++++++++++++++++++++++++++++++++++++++++++++++++++++++++++
