
 ++++++++++++++++++++++++++++++++++++++++++++++++++++++++++++++++++++
 +  SHELXE  -  PHASING AND DENSITY MODIFICATION  -  Version 2016/2  +
 +  Copyright (c)  George M. Sheldrick 2001-16                      +
 +  Started at 10:55:58 on 07 Oct 2016                              +
 ++++++++++++++++++++++++++++++++++++++++++++++++++++++++++++++++++++

 Please cite: G.M. Sheldrick (2010), "Experimental phasing with
 SHELXC/D/E: combining chain tracing with density modification",
 Acta Cryst. D66, 479-485 (Open Access) if SHELXE proves useful.

 Command line parameters:
  sad sad_fa -h1 -s0.500000 -m20

 Cell, symmetry and heavy atoms from: sad_fa.res
 FA and alpha from: sad_fa.hkl
 Native data from: sad.hkl
 Listing output to sad.lst
 Phases output to sad.phs
 Revised heavy atom sites output to sad.hat
 Revised heavy atom phases output to sad.pha


 Summary of parameters to be employed:

 -a     0  iterations autotracing
 -b   5.0  extra B for revised heavy atom sites
 -c 0.400  fraction of pixels in crossover region
 -d 0.000  high resolution limit to be applied to input data
 -e unset  fill in missing data up to maximum resolution + 0.2 Ang.
 -f unset  read intensity not F from native .hkl file
 -F 0.800  fractional weight for phases from previous global cycle
 -g 1.100  solvent gamma flipping factor
 -h    1  heavy atoms present in native - use first    1
 -i unset  no structure inversion
 -k   4.5  minimum height/sigma for revised heavy atom sites
 -l     2  space for  2000000 reflections
 -L     6  minimum number of residues per chain (if more than 3 chains)
 -m    20  cycles of density modification
 -r  3.00  map resolution (multiplies maximum indices)
 -s 0.500  solvent fraction
 -v unset  density sharpening factor dependent on resolution
 -w 0.200  weight for experimental phases after cycle 1
 -x unset  no phase and trace diagnostics 
 -Y 0.300  SAD phase shift factor
 -z unset  do not optimize heavy atoms

 Space group: P 61 2 2   Allowed origin shift code: 10

     1 atoms read from file sad_fa.res

    35210 Reflections read from file sad_fa.hkl

    50778 Reflections read from file sad.hkl

    50712 Unique data, highest resolution =  1.529 Angstroms

 Anisotropic scaling: intensities multiplied by
 -0.000112h^2 -0.000112k^2 +0.000113l^2 +0.000000kl +0.000000hl -0.000112hk

    13 Reflections with d > 1.729 and      0 in range  1.729 > d > 1.729 added

 Density sharpening factor set to  1.46
 Fourier grid =   256 x  256 x   22     0.000 <= z <= 0.083

    92 Point spherical net set up with radius 2.42A
    10 Extra Fourier layers will be generated

 <|E^2-1|> = 0.744

 Overall CC between Eobs (from delF) and Ecalc (from heavy atoms) = 14.40%

 <wt> = 0.117  for phases from phiT = phiA + alpha
 <wt> = 0.214 after including heavy atoms
 <wt> = 0.179, Contrast = 0.015, Connect. = 0.547 for dens.mod. cycle 1
 <wt> = 0.201, Contrast = 0.082, Connect. = 0.623 for dens.mod. cycle 2
 <wt> = 0.218, Contrast = 0.113, Connect. = 0.651 for dens.mod. cycle 3
 <wt> = 0.231, Contrast = 0.122, Connect. = 0.646 for dens.mod. cycle 4
 <wt> = 0.244, Contrast = 0.125, Connect. = 0.640 for dens.mod. cycle 5
 <wt> = 0.254, Contrast = 0.131, Connect. = 0.635 for dens.mod. cycle 6
 <wt> = 0.264, Contrast = 0.143, Connect. = 0.636 for dens.mod. cycle 7
 <wt> = 0.273, Contrast = 0.159, Connect. = 0.640 for dens.mod. cycle 8
 <wt> = 0.279, Contrast = 0.181, Connect. = 0.647 for dens.mod. cycle 9
 <wt> = 0.285, Contrast = 0.204, Connect. = 0.656 for dens.mod. cycle 10
 <wt> = 0.289, Contrast = 0.229, Connect. = 0.666 for dens.mod. cycle 11
 <wt> = 0.292, Contrast = 0.253, Connect. = 0.675 for dens.mod. cycle 12
 <wt> = 0.293, Contrast = 0.278, Connect. = 0.685 for dens.mod. cycle 13
 <wt> = 0.293, Contrast = 0.301, Connect. = 0.694 for dens.mod. cycle 14
 <wt> = 0.294, Contrast = 0.323, Connect. = 0.703 for dens.mod. cycle 15
 <wt> = 0.294, Contrast = 0.343, Connect. = 0.710 for dens.mod. cycle 16
 <wt> = 0.294, Contrast = 0.365, Connect. = 0.719 for dens.mod. cycle 17
 <wt> = 0.294, Contrast = 0.386, Connect. = 0.727 for dens.mod. cycle 18
 <wt> = 0.294, Contrast = 0.408, Connect. = 0.735 for dens.mod. cycle 19
 <wt> = 0.294, Contrast = 0.430, Connect. = 0.743 for dens.mod. cycle 20

 Estimated mean FOM and mapCC as a function of resolution
 d    inf - 3.38 - 2.66 - 2.31 - 2.10 - 1.94 - 1.83 - 1.73 - 1.66 - 1.59 - 1.53
 <FOM>   0.524  0.565  0.621  0.595  0.558  0.536  0.521  0.475  0.436  0.389
 <mapCC> 0.714  0.747  0.815  0.795  0.766  0.764  0.763  0.719  0.686  0.635
 N        5091   5090   5215   4955   5327   4809   5472   4673   5508   4572

 Estimated mean FOM = 0.523   Pseudo-free CC = 56.85 %

 Anomalous density (in sigma units) at input heavy atom sites

  Site     x        y        z     occ*Z   density
    1   0.8790   0.5498   0.0560  34.0000  102.73

 Site    x       y       z  h(sig) near old  near new
   1  0.8801  0.5492  0.0556 104.4  1/0.15  6/1.77 9/1.79 10/1.81 8/1.83
   2  0.5589  0.4335  0.1220  11.4  1/27.51  5/20.42 11/20.84 2/23.32 3/25.86
   3  0.8664  0.6239 -0.0642  10.8  1/17.35  4/3.79 5/11.22 7/16.63 9/16.66
   4  0.8581  0.6118 -0.0361   9.9  1/13.83  3/3.79 5/11.54 7/13.08 9/13.17
   5  0.7850  0.4879 -0.0799   8.9  1/19.26  3/11.22 4/11.54 10/18.68 1/19.25
   6  0.8817  0.5312  0.0569  -7.6  1/1.88  8/1.67 1/1.77 10/2.38 9/3.35
   7  0.8863  0.5718  0.0552  -7.3  1/1.81  9/0.68 1/1.88 8/2.95 10/3.13
   8  0.8997  0.5491  0.0562  -6.8  1/1.96  6/1.67 1/1.83 9/2.45 7/2.95
   9  0.8930  0.5711  0.0538  -6.8  1/1.77  7/0.68 1/1.79 8/2.45 10/3.34
  10  0.8581  0.5347  0.0564  -6.0  1/1.74  1/1.81 6/2.38 7/3.13 9/3.34
  11  1.0765  0.7352 -0.0468  -4.7  1/22.29  3/17.11 4/17.72 2/20.84 9/20.86

 ==============================================================================

       CPU times required in seconds
       -----------------------------
         1.9 - Setup, data input and phasing
         9.4 - FFTs and peak-searches
        21.5 - Sphere of influence
         0.4 - Rest of density modification
         0.0 - Alpha-helix search
         0.0 - Tripeptide search
         0.0 - Chain tracing
         0.0 - NCS analysis
         0.0 - B-value refinement for trace
         0.0 - Rest of tracing
         0.0 - Comparison with known structure


 ++++++++++++++++++++++++++++++++++++++++++++++++++++++++++++++++++++
 +  SHELXE finished at 10:56:31      Total time:        33.28 secs  +
 ++++++++++++++++++++++++++++++++++++++++++++++++++++++++++++++++++++
