
 ++++++++++++++++++++++++++++++++++++++++++++++++++++++++++++++++++++
 +  SHELXE  -  PHASING AND DENSITY MODIFICATION  -  Version 2016/2  +
 +  Copyright (c)  George M. Sheldrick 2001-16                      +
 +  Started at 11:03:29 on 07 Oct 2016                              +
 ++++++++++++++++++++++++++++++++++++++++++++++++++++++++++++++++++++

 Please cite: G.M. Sheldrick (2010), "Experimental phasing with
 SHELXC/D/E: combining chain tracing with density modification",
 Acta Cryst. D66, 479-485 (Open Access) if SHELXE proves useful.

 Command line parameters:
  sad sad_fa -h1 -s0.350000 -m20

 Cell, symmetry and heavy atoms from: sad_fa.res
 FA and alpha from: sad_fa.hkl
 Native data from: sad.hkl
 Listing output to sad.lst
 Phases output to sad.phs
 Revised heavy atom sites output to sad.hat
 Revised heavy atom phases output to sad.pha


 Summary of parameters to be employed:

 -a     0  iterations autotracing
 -b   5.0  extra B for revised heavy atom sites
 -c 0.400  fraction of pixels in crossover region
 -d 0.000  high resolution limit to be applied to input data
 -e unset  fill in missing data up to maximum resolution + 0.2 Ang.
 -f unset  read intensity not F from native .hkl file
 -F 0.800  fractional weight for phases from previous global cycle
 -g 1.100  solvent gamma flipping factor
 -h    1  heavy atoms present in native - use first    1
 -i unset  no structure inversion
 -k   4.5  minimum height/sigma for revised heavy atom sites
 -l     2  space for  2000000 reflections
 -L     6  minimum number of residues per chain (if more than 3 chains)
 -m    20  cycles of density modification
 -r  3.00  map resolution (multiplies maximum indices)
 -s 0.350  solvent fraction
 -v unset  density sharpening factor dependent on resolution
 -w 0.200  weight for experimental phases after cycle 1
 -x unset  no phase and trace diagnostics 
 -Y 0.300  SAD phase shift factor
 -z unset  do not optimize heavy atoms

 Space group: P 61 2 2   Allowed origin shift code: 10

     1 atoms read from file sad_fa.res

    35210 Reflections read from file sad_fa.hkl

    50778 Reflections read from file sad.hkl

    50712 Unique data, highest resolution =  1.529 Angstroms

 Anisotropic scaling: intensities multiplied by
 -0.000112h^2 -0.000112k^2 +0.000113l^2 +0.000000kl +0.000000hl -0.000112hk

    13 Reflections with d > 1.729 and      0 in range  1.729 > d > 1.729 added

 Density sharpening factor set to  1.46
 Fourier grid =   256 x  256 x   22     0.000 <= z <= 0.083

    92 Point spherical net set up with radius 2.42A
    10 Extra Fourier layers will be generated

 <|E^2-1|> = 0.744

 Overall CC between Eobs (from delF) and Ecalc (from heavy atoms) = 14.19%

 <wt> = 0.115  for phases from phiT = phiA + alpha
 <wt> = 0.209 after including heavy atoms
 <wt> = 0.174, Contrast = 0.014, Connect. = 0.543 for dens.mod. cycle 1
 <wt> = 0.207, Contrast = 0.057, Connect. = 0.601 for dens.mod. cycle 2
 <wt> = 0.231, Contrast = 0.101, Connect. = 0.634 for dens.mod. cycle 3
 <wt> = 0.248, Contrast = 0.141, Connect. = 0.646 for dens.mod. cycle 4
 <wt> = 0.261, Contrast = 0.172, Connect. = 0.656 for dens.mod. cycle 5
 <wt> = 0.275, Contrast = 0.199, Connect. = 0.667 for dens.mod. cycle 6
 <wt> = 0.285, Contrast = 0.221, Connect. = 0.673 for dens.mod. cycle 7
 <wt> = 0.292, Contrast = 0.240, Connect. = 0.680 for dens.mod. cycle 8
 <wt> = 0.294, Contrast = 0.259, Connect. = 0.688 for dens.mod. cycle 9
 <wt> = 0.294, Contrast = 0.278, Connect. = 0.699 for dens.mod. cycle 10
 <wt> = 0.294, Contrast = 0.295, Connect. = 0.708 for dens.mod. cycle 11
 <wt> = 0.294, Contrast = 0.308, Connect. = 0.715 for dens.mod. cycle 12
 <wt> = 0.294, Contrast = 0.319, Connect. = 0.720 for dens.mod. cycle 13
 <wt> = 0.294, Contrast = 0.329, Connect. = 0.723 for dens.mod. cycle 14
 <wt> = 0.294, Contrast = 0.337, Connect. = 0.727 for dens.mod. cycle 15
 <wt> = 0.294, Contrast = 0.345, Connect. = 0.730 for dens.mod. cycle 16
 <wt> = 0.294, Contrast = 0.353, Connect. = 0.732 for dens.mod. cycle 17
 <wt> = 0.294, Contrast = 0.360, Connect. = 0.734 for dens.mod. cycle 18
 <wt> = 0.294, Contrast = 0.366, Connect. = 0.736 for dens.mod. cycle 19
 <wt> = 0.294, Contrast = 0.372, Connect. = 0.738 for dens.mod. cycle 20

 Estimated mean FOM and mapCC as a function of resolution
 d    inf - 3.38 - 2.66 - 2.31 - 2.10 - 1.94 - 1.83 - 1.73 - 1.66 - 1.59 - 1.53
 <FOM>   0.577  0.590  0.620  0.576  0.574  0.567  0.555  0.534  0.527  0.482
 <mapCC> 0.742  0.742  0.787  0.740  0.744  0.761  0.766  0.753  0.757  0.724
 N        5091   5090   5215   4955   5327   4809   5472   4673   5508   4572

 Estimated mean FOM = 0.561   Pseudo-free CC = 60.32 %

 Anomalous density (in sigma units) at input heavy atom sites

  Site     x        y        z     occ*Z   density
    1   0.8788   0.5466   0.0550  34.0000   93.37

 Site    x       y       z  h(sig) near old  near new
   1  0.8790  0.5476  0.0551  94.2  1/0.09  9/1.84 11/1.87 7/1.91 10/2.02
   2  0.5585  0.4332  0.1215  10.8  1/27.58  3/20.48 2/23.39 6/23.54 5/25.92
   3  0.7853  0.4881 -0.0796   8.8  1/19.08  5/11.20 4/11.55 6/15.23 9/18.23
   4  0.8585  0.6121 -0.0359   8.7  1/13.85  5/3.78 6/10.81 3/11.55 7/13.00
   5  0.8660  0.6238 -0.0640   8.2  1/17.35  4/3.78 6/7.20 3/11.20 8/14.30
   6  0.9089  0.6658 -0.1103  -8.0  1/23.69  5/7.20 4/10.81 8/12.70 3/15.23
   7  0.8911  0.5711  0.0530  -6.9  1/1.99  1/1.91 9/2.78 10/2.84 11/3.47
   8  1.0035  0.7885 -0.0538  -6.0  1/24.10  6/12.70 5/14.30 4/15.35 7/22.37
   9  0.8585  0.5452  0.0523  -5.3  1/1.86  1/1.84 7/2.78 11/3.36 10/3.81
  10  0.8997  0.5459  0.0544  -5.0  1/1.99  11/1.36 1/2.02 7/2.84 9/3.81
  11  0.8853  0.5315  0.0564  -4.9  1/1.80  10/1.36 1/1.87 9/3.36 7/3.47
  12  0.8816  0.9104  0.0559  -4.7  1/33.75  12/9.11 12/20.49 12/23.83 12/23.84

 ==============================================================================

       CPU times required in seconds
       -----------------------------
         1.8 - Setup, data input and phasing
         8.5 - FFTs and peak-searches
        19.3 - Sphere of influence
         0.5 - Rest of density modification
         0.0 - Alpha-helix search
         0.0 - Tripeptide search
         0.0 - Chain tracing
         0.0 - NCS analysis
         0.0 - B-value refinement for trace
         0.0 - Rest of tracing
         0.0 - Comparison with known structure


 ++++++++++++++++++++++++++++++++++++++++++++++++++++++++++++++++++++
 +  SHELXE finished at 11:04:00      Total time:        30.01 secs  +
 ++++++++++++++++++++++++++++++++++++++++++++++++++++++++++++++++++++
