
 ++++++++++++++++++++++++++++++++++++++++++++++++++++++++++++++++++++
 +  SHELXE  -  PHASING AND DENSITY MODIFICATION  -  Version 2016/2  +
 +  Copyright (c)  George M. Sheldrick 2001-16                      +
 +  Started at 11:05:43 on 07 Oct 2016                              +
 ++++++++++++++++++++++++++++++++++++++++++++++++++++++++++++++++++++

 Please cite: G.M. Sheldrick (2010), "Experimental phasing with
 SHELXC/D/E: combining chain tracing with density modification",
 Acta Cryst. D66, 479-485 (Open Access) if SHELXE proves useful.

 Command line parameters:
  sad sad_fa -h1 -s0.350000 -m20 -i

 Cell, symmetry and heavy atoms from: sad_fa.res
 FA and alpha from: sad_fa.hkl
 Native data from: sad.hkl
 Listing output to sad_i.lst
 Phases output to sad_i.phs
 Revised heavy atom sites output to sad_i.hat
 Revised heavy atom phases output to sad_i.pha


 Summary of parameters to be employed:

 -a     0  iterations autotracing
 -b   5.0  extra B for revised heavy atom sites
 -c 0.400  fraction of pixels in crossover region
 -d 0.000  high resolution limit to be applied to input data
 -e unset  fill in missing data up to maximum resolution + 0.2 Ang.
 -f unset  read intensity not F from native .hkl file
 -F 0.800  fractional weight for phases from previous global cycle
 -g 1.100  solvent gamma flipping factor
 -h    1  heavy atoms present in native - use first    1
 -i invert structure (and space group)
 -k   4.5  minimum height/sigma for revised heavy atom sites
 -l     2  space for  2000000 reflections
 -L     6  minimum number of residues per chain (if more than 3 chains)
 -m    20  cycles of density modification
 -r  3.00  map resolution (multiplies maximum indices)
 -s 0.350  solvent fraction
 -v unset  density sharpening factor dependent on resolution
 -w 0.200  weight for experimental phases after cycle 1
 -x unset  no phase and trace diagnostics 
 -Y 0.300  SAD phase shift factor
 -z unset  do not optimize heavy atoms

 Space group: P 61 2 2   Allowed origin shift code: 10

     1 atoms read from file sad_fa.res

    35210 Reflections read from file sad_fa.hkl

    50778 Reflections read from file sad.hkl

    50712 Unique data, highest resolution =  1.529 Angstroms

 Anisotropic scaling: intensities multiplied by
 -0.000112h^2 -0.000112k^2 +0.000113l^2 +0.000000kl +0.000000hl -0.000112hk

    13 Reflections with d > 1.729 and      0 in range  1.729 > d > 1.729 added

 Density sharpening factor set to  1.46
 Fourier grid =   256 x  256 x   22     0.000 <= z <= 0.083

    92 Point spherical net set up with radius 2.42A
    10 Extra Fourier layers will be generated

 <|E^2-1|> = 0.744

 ** Space group converted to enantiomorph **

 ** Atom coordinates inverted **

 Overall CC between Eobs (from delF) and Ecalc (from heavy atoms) = 14.17%

 <wt> = 0.115  for phases from phiT = phiA + alpha
 <wt> = 0.212 after including heavy atoms
 <wt> = 0.168, Contrast = 0.014, Connect. = 0.540 for dens.mod. cycle 1
 <wt> = 0.200, Contrast = 0.041, Connect. = 0.582 for dens.mod. cycle 2
 <wt> = 0.219, Contrast = 0.063, Connect. = 0.611 for dens.mod. cycle 3
 <wt> = 0.235, Contrast = 0.087, Connect. = 0.619 for dens.mod. cycle 4
 <wt> = 0.248, Contrast = 0.107, Connect. = 0.626 for dens.mod. cycle 5
 <wt> = 0.259, Contrast = 0.123, Connect. = 0.631 for dens.mod. cycle 6
 <wt> = 0.269, Contrast = 0.139, Connect. = 0.637 for dens.mod. cycle 7
 <wt> = 0.277, Contrast = 0.152, Connect. = 0.641 for dens.mod. cycle 8
 <wt> = 0.282, Contrast = 0.164, Connect. = 0.646 for dens.mod. cycle 9
 <wt> = 0.286, Contrast = 0.174, Connect. = 0.649 for dens.mod. cycle 10
 <wt> = 0.291, Contrast = 0.184, Connect. = 0.655 for dens.mod. cycle 11
 <wt> = 0.292, Contrast = 0.192, Connect. = 0.659 for dens.mod. cycle 12
 <wt> = 0.293, Contrast = 0.201, Connect. = 0.665 for dens.mod. cycle 13
 <wt> = 0.294, Contrast = 0.209, Connect. = 0.671 for dens.mod. cycle 14
 <wt> = 0.294, Contrast = 0.218, Connect. = 0.677 for dens.mod. cycle 15
 <wt> = 0.294, Contrast = 0.226, Connect. = 0.683 for dens.mod. cycle 16
 <wt> = 0.294, Contrast = 0.232, Connect. = 0.687 for dens.mod. cycle 17
 <wt> = 0.294, Contrast = 0.238, Connect. = 0.691 for dens.mod. cycle 18
 <wt> = 0.294, Contrast = 0.242, Connect. = 0.694 for dens.mod. cycle 19
 <wt> = 0.294, Contrast = 0.246, Connect. = 0.696 for dens.mod. cycle 20

 Estimated mean FOM and mapCC as a function of resolution
 d    inf - 3.38 - 2.66 - 2.31 - 2.10 - 1.94 - 1.83 - 1.73 - 1.66 - 1.59 - 1.53
 <FOM>   0.578  0.526  0.515  0.553  0.499  0.436  0.414  0.399  0.366  0.337
 <mapCC> 0.748  0.682  0.686  0.730  0.683  0.618  0.605  0.612  0.573  0.548
 N        5091   5090   5215   4955   5327   4809   5472   4673   5508   4572

 Estimated mean FOM = 0.463   Pseudo-free CC = 50.46 %

 Anomalous density (in sigma units) at input heavy atom sites

  Site     x        y        z     occ*Z   density
    1   0.1219   0.4526   0.9442  34.0000   88.99

 Site    x       y       z  h(sig) near old  near new
   1  0.1219  0.4529  0.9444  89.1  1/0.03  8/1.95 3/1.96 10/1.99 4/2.02
   2  0.0910  0.3353  1.1121  -7.4  1/23.91  6/10.90 9/12.76 7/20.86 4/23.11
   3  0.1025  0.4557  0.9453  -7.0  1/1.97  1/1.96 4/3.04 10/3.33 8/3.53
   4  0.1107  0.4279  0.9448  -6.1  1/1.99  1/2.02 3/3.04 8/3.59 10/3.83
   5  0.3363  0.4544  0.8885  -5.4  1/21.16  11/14.43 12/19.40 8/19.87 10/20.23
   6  0.1446  0.3910  1.0379   5.2  1/14.05  2/10.90 4/13.37 1/14.05 8/14.21
   7  0.2992  0.5464  1.0557  -5.1  1/20.35  11/12.80 6/14.62 7/16.07 8/19.10
   8  0.1454  0.4695  0.9439  -5.0  1/1.95  10/0.52 1/1.95 3/3.53 4/3.59
   9 -0.0040  0.2114  1.0558  -5.0  1/24.27  2/12.76 6/15.67 9/20.59 4/22.66
  10  0.1436  0.4739  0.9437  -5.0  1/2.00  8/0.52 1/1.99 3/3.33 4/3.83
  11  0.3380  0.4580  0.9995  -4.8  1/21.14  7/12.80 5/14.43 6/16.60 8/19.86
  12  0.2196  0.5783  0.8906  -4.8  1/12.72  12/8.97 10/11.11 8/11.33 1/12.72

 ==============================================================================

       CPU times required in seconds
       -----------------------------
         1.7 - Setup, data input and phasing
         9.0 - FFTs and peak-searches
        19.7 - Sphere of influence
         0.4 - Rest of density modification
         0.0 - Alpha-helix search
         0.0 - Tripeptide search
         0.0 - Chain tracing
         0.0 - NCS analysis
         0.0 - B-value refinement for trace
         0.0 - Rest of tracing
         0.0 - Comparison with known structure


 ++++++++++++++++++++++++++++++++++++++++++++++++++++++++++++++++++++
 +  SHELXE finished at 11:06:14      Total time:        30.73 secs  +
 ++++++++++++++++++++++++++++++++++++++++++++++++++++++++++++++++++++
